Product: MDK-ARM Standard 5.10
Component: ARM Compiler 5.04 update 1 (build 49)
Tool: armlink [5040049]

==============================================================================

Section Cross References

    os_cpu_a.o(.text) refers to os_cpu_c.o(.data) for OS_CPU_ExceptStkBase
    os_cpu_a.o(.text) refers to os_var.o(.data) for OSTCBCurPtr
    os_cpu_a.o(.text) refers to os_cpu_c.o(.text) for OSTaskSwHook
    os_cpu_c.o(.text) refers to cpu_core.o(.text) for CPU_IntDisMeasMaxCurReset
    os_cpu_c.o(.text) refers to cpu_a.o(.text) for CPU_SR_Save
    os_cpu_c.o(.text) refers to os_time.o(.text) for OSTimeTick
    os_cpu_c.o(.text) refers to os_core.o(.text) for OSIntExit
    os_cpu_c.o(.text) refers to os_var.o(.data) for OS_AppIdleTaskHookPtr
    os_cpu_c.o(.text) refers to os_cfg_app.o(.constdata) for OSCfg_ISRStkBasePtr
    os_cpu_c.o(.text) refers to os_cpu_c.o(.data) for OS_CPU_ExceptStkBase
    os_cpu_c.o(.text) refers to os_task.o(.text) for OS_TaskReturn
    os_cfg_app.o(.text) refers to os_cfg_app.o(.constdata) for OSCfg_DataSizeRAM
    os_cfg_app.o(.constdata) refers to os_cfg_app.o(.bss) for OSCfg_IdleTaskStk
    os_core.o(.text) refers to cpu_a.o(.text) for CPU_SR_Save
    os_core.o(.text) refers to cpu_core.o(.text) for CPU_IntDisMeasStart
    os_core.o(.text) refers to os_cpu_c.o(.text) for OSIdleTaskHook
    os_core.o(.text) refers to os_task.o(.text) for OSTaskCreate
    os_core.o(.text) refers to os_prio.o(.text) for OS_PrioInit
    os_core.o(.text) refers to os_tick.o(.text) for OS_TickTaskInit
    os_core.o(.text) refers to os_stat.o(.text) for OS_StatTaskInit
    os_core.o(.text) refers to os_flag.o(.text) for OS_FlagInit
    os_core.o(.text) refers to os_mem.o(.text) for OS_MemInit
    os_core.o(.text) refers to os_msg.o(.text) for OS_MsgPoolInit
    os_core.o(.text) refers to os_mutex.o(.text) for OS_MutexInit
    os_core.o(.text) refers to os_q.o(.text) for OS_QInit
    os_core.o(.text) refers to os_sem.o(.text) for OS_SemInit
    os_core.o(.text) refers to os_tmr.o(.text) for OS_TmrInit
    os_core.o(.text) refers to os_dbg.o(.text) for OS_Dbg_Init
    os_core.o(.text) refers to os_cfg_app.o(.text) for OSCfg_Init
    os_core.o(.text) refers to os_var.o(.data) for OSIdleTaskCtr
    os_core.o(.text) refers to os_cfg_app.o(.constdata) for OSCfg_IdleTaskStkSize
    os_core.o(.text) refers to os_var.o(.bss) for OSIdleTaskTCB
    os_core.o(.text) refers to os_cpu_a.o(.text) for OSStartHighRdy
    os_dbg.o(.text) refers to os_dbg.o(.constdata) for OSDbg_DbgEn
    os_flag.o(.text) refers to cpu_a.o(.text) for CPU_SR_Save
    os_flag.o(.text) refers to cpu_core.o(.text) for CPU_IntDisMeasStart
    os_flag.o(.text) refers to os_core.o(.text) for OS_PendListInit
    os_flag.o(.text) refers to os_var.o(.data) for OSFlagDbgListPtr
    os_mem.o(.text) refers to cpu_a.o(.text) for CPU_SR_Save
    os_mem.o(.text) refers to cpu_core.o(.text) for CPU_IntDisMeasStart
    os_mem.o(.text) refers to os_var.o(.data) for OSMemDbgListPtr
    os_msg.o(.text) refers to cpu_a.o(.text) for CPU_SR_Save
    os_msg.o(.text) refers to cpu_core.o(.text) for CPU_IntDisMeasStart
    os_msg.o(.text) refers to os_var.o(.data) for OSMsgPool
    os_msg.o(.text) refers to os_cfg_app.o(.constdata) for OSCfg_MsgPoolBasePtr
    os_mutex.o(.text) refers to cpu_a.o(.text) for CPU_SR_Save
    os_mutex.o(.text) refers to cpu_core.o(.text) for CPU_IntDisMeasStart
    os_mutex.o(.text) refers to os_core.o(.text) for OS_PendListInit
    os_mutex.o(.text) refers to os_prio.o(.text) for OS_PrioInsert
    os_mutex.o(.text) refers to os_var.o(.data) for OSMutexDbgListPtr
    os_pend_multi.o(.text) refers to os_core.o(.text) for OS_TaskBlock
    os_pend_multi.o(.text) refers to os_msg.o(.text) for OS_MsgQGet
    os_pend_multi.o(.text) refers to cpu_a.o(.text) for CPU_SR_Save
    os_pend_multi.o(.text) refers to cpu_core.o(.text) for CPU_IntDisMeasStart
    os_pend_multi.o(.text) refers to os_var.o(.data) for OSTCBCurPtr
    os_prio.o(.text) refers to cpu_a.o(.text) for CPU_CntLeadZeros
    os_prio.o(.text) refers to os_prio.o(.data) for OSPrioTbl
    os_q.o(.text) refers to cpu_a.o(.text) for CPU_SR_Save
    os_q.o(.text) refers to cpu_core.o(.text) for CPU_IntDisMeasStart
    os_q.o(.text) refers to os_msg.o(.text) for OS_MsgQInit
    os_q.o(.text) refers to os_core.o(.text) for OS_PendListInit
    os_q.o(.text) refers to os_var.o(.data) for OSQDbgListPtr
    os_sem.o(.text) refers to cpu_a.o(.text) for CPU_SR_Save
    os_sem.o(.text) refers to cpu_core.o(.text) for CPU_IntDisMeasStart
    os_sem.o(.text) refers to os_core.o(.text) for OS_PendListInit
    os_sem.o(.text) refers to os_var.o(.data) for OSSemDbgListPtr
    os_stat.o(.text) refers to cpu_a.o(.text) for CPU_SR_Save
    os_stat.o(.text) refers to cpu_core.o(.text) for CPU_IntDisMeasStart
    os_stat.o(.text) refers to os_tick.o(.text) for OS_TickListResetPeak
    os_stat.o(.text) refers to os_tmr.o(.text) for OS_TmrResetPeak
[...]
    ADC_ExternalTrigConvCmd                  0x08007f8b   Thumb Code    22  stm32f10x_adc.o(.text)
    ADC_GetConversionValue                   0x08007fa1   Thumb Code     8  stm32f10x_adc.o(.text)
    ADC_GetDualModeConversionValue           0x08007fa9   Thumb Code     8  stm32f10x_adc.o(.text)
    ADC_AutoInjectedConvCmd                  0x08007fb1   Thumb Code    22  stm32f10x_adc.o(.text)
    ADC_InjectedDiscModeCmd                  0x08007fc7   Thumb Code    22  stm32f10x_adc.o(.text)
    ADC_ExternalTrigInjectedConvConfig       0x08007fdd   Thumb Code    16  stm32f10x_adc.o(.text)
    ADC_ExternalTrigInjectedConvCmd          0x08007fed   Thumb Code    22  stm32f10x_adc.o(.text)
    ADC_SoftwareStartInjectedConvCmd         0x08008003   Thumb Code    22  stm32f10x_adc.o(.text)
    ADC_GetSoftwareStartInjectedConvCmdStatus 0x08008019   Thumb Code    20  stm32f10x_adc.o(.text)
    ADC_InjectedChannelConfig                0x0800802d   Thumb Code   130  stm32f10x_adc.o(.text)
    ADC_InjectedSequencerLengthConfig        0x080080af   Thumb Code    24  stm32f10x_adc.o(.text)
    ADC_SetInjectedOffset                    0x080080c7   Thumb Code    20  stm32f10x_adc.o(.text)
    ADC_GetInjectedConversionValue           0x080080db   Thumb Code    28  stm32f10x_adc.o(.text)
    ADC_AnalogWatchdogCmd                    0x080080f7   Thumb Code    16  stm32f10x_adc.o(.text)
    ADC_AnalogWatchdogThresholdsConfig       0x08008107   Thumb Code     6  stm32f10x_adc.o(.text)
    ADC_AnalogWatchdogSingleChannelConfig    0x0800810d   Thumb Code    16  stm32f10x_adc.o(.text)
    ADC_TempSensorVrefintCmd                 0x0800811d   Thumb Code    64  stm32f10x_adc.o(.text)
    ADC_GetFlagStatus                        0x0800815d   Thumb Code    18  stm32f10x_adc.o(.text)
    ADC_ClearFlag                            0x0800816f   Thumb Code     6  stm32f10x_adc.o(.text)
    ADC_GetITStatus                          0x08008175   Thumb Code    36  stm32f10x_adc.o(.text)
    ADC_ClearITPendingBit                    0x08008199   Thumb Code    10  stm32f10x_adc.o(.text)
    BKP_DeInit                               0x080081a5   Thumb Code    16  stm32f10x_bkp.o(.text)
    BKP_TamperPinLevelConfig                 0x080081b5   Thumb Code     6  stm32f10x_bkp.o(.text)
    BKP_TamperPinCmd                         0x080081bb   Thumb Code     8  stm32f10x_bkp.o(.text)
    BKP_ITConfig                             0x080081c3   Thumb Code     8  stm32f10x_bkp.o(.text)
    BKP_RTCOutputConfig                      0x080081cb   Thumb Code    22  stm32f10x_bkp.o(.text)
    BKP_SetRTCCalibrationValue               0x080081e1   Thumb Code    22  stm32f10x_bkp.o(.text)
    BKP_WriteBackupRegister                  0x080081f7   Thumb Code    24  stm32f10x_bkp.o(.text)
    BKP_ReadBackupRegister                   0x0800820f   Thumb Code    26  stm32f10x_bkp.o(.text)
    BKP_GetFlagStatus                        0x08008229   Thumb Code    10  stm32f10x_bkp.o(.text)
    BKP_ClearFlag                            0x08008233   Thumb Code    18  stm32f10x_bkp.o(.text)
    BKP_GetITStatus                          0x08008245   Thumb Code    10  stm32f10x_bkp.o(.text)
    BKP_ClearITPendingBit                    0x0800824f   Thumb Code    18  stm32f10x_bkp.o(.text)
    CAN_DeInit                               0x08008269   Thumb Code    50  stm32f10x_can.o(.text)
    CAN_Init                                 0x0800829b   Thumb Code   276  stm32f10x_can.o(.text)
    CAN_FilterInit                           0x080083af   Thumb Code   258  stm32f10x_can.o(.text)
    CAN_StructInit                           0x080084b1   Thumb Code    32  stm32f10x_can.o(.text)
    CAN_SlaveStartBank                       0x080084d1   Thumb Code    48  stm32f10x_can.o(.text)
    CAN_DBGFreeze                            0x08008501   Thumb Code    22  stm32f10x_can.o(.text)
    CAN_TTComModeCmd                         0x08008517   Thumb Code   118  stm32f10x_can.o(.text)
    CAN_Transmit                             0x0800858d   Thumb Code   304  stm32f10x_can.o(.text)
    CAN_TransmitStatus                       0x080086bd   Thumb Code   138  stm32f10x_can.o(.text)
    CAN_CancelTransmit                       0x08008747   Thumb Code    48  stm32f10x_can.o(.text)
    CAN_Receive                              0x08008777   Thumb Code   240  stm32f10x_can.o(.text)
    CAN_FIFORelease                          0x08008867   Thumb Code    22  stm32f10x_can.o(.text)
    CAN_MessagePending                       0x0800887d   Thumb Code    30  stm32f10x_can.o(.text)
    CAN_OperatingModeRequest                 0x0800889b   Thumb Code   162  stm32f10x_can.o(.text)
    CAN_Sleep                                0x0800893d   Thumb Code    30  stm32f10x_can.o(.text)
    CAN_WakeUp                               0x0800895b   Thumb Code    48  stm32f10x_can.o(.text)
    CAN_GetLastErrorCode                     0x0800898b   Thumb Code    12  stm32f10x_can.o(.text)
    CAN_GetReceiveErrorCounter               0x08008997   Thumb Code    10  stm32f10x_can.o(.text)
    CAN_GetLSBTransmitErrorCounter           0x080089a1   Thumb Code    12  stm32f10x_can.o(.text)
    CAN_ITConfig                             0x080089ad   Thumb Code    18  stm32f10x_can.o(.text)
    CAN_GetFlagStatus                        0x080089bf   Thumb Code   120  stm32f10x_can.o(.text)
    CAN_ClearFlag                            0x08008a37   Thumb Code    52  stm32f10x_can.o(.text)
    CAN_GetITStatus                          0x08008a7d   Thumb Code   310  stm32f10x_can.o(.text)
    CAN_ClearITPendingBit                    0x08008bb3   Thumb Code   162  stm32f10x_can.o(.text)
    CEC_DeInit                               0x08008c59   Thumb Code    22  stm32f10x_cec.o(.text)
    CEC_Init                                 0x08008c6f   Thumb Code    26  stm32f10x_cec.o(.text)
    CEC_Cmd                                  0x08008c89   Thumb Code    22  stm32f10x_cec.o(.text)
    CEC_ITConfig                             0x08008c9f   Thumb Code     6  stm32f10x_cec.o(.text)
    CEC_OwnAddressConfig                     0x08008ca5   Thumb Code     8  stm32f10x_cec.o(.text)
    CEC_SetPrescaler                         0x08008cad   Thumb Code     8  stm32f10x_cec.o(.text)
    CEC_SendDataByte                         0x08008cb5   Thumb Code     8  stm32f10x_cec.o(.text)
    CEC_ReceiveDataByte                      0x08008cbd   Thumb Code    10  stm32f10x_cec.o(.text)
    CEC_StartOfMessage                       0x08008cc7   Thumb Code     8  stm32f10x_cec.o(.text)
    CEC_EndOfMessageCmd                      0x08008ccf   Thumb Code     8  stm32f10x_cec.o(.text)
    CEC_GetFlagStatus                        0x08008cd7   Thumb Code    42  stm32f10x_cec.o(.text)
    CEC_ClearFlag                            0x08008d01   Thumb Code    36  stm32f10x_cec.o(.text)
    CEC_GetITStatus                          0x08008d25   Thumb Code    34  stm32f10x_cec.o(.text)
    CEC_ClearITPendingBit                    0x08008d47   Thumb Code    36  stm32f10x_cec.o(.text)
    CRC_ResetDR                              0x08008d79   Thumb Code     8  stm32f10x_crc.o(.text)
    CRC_CalcCRC                              0x08008d81   Thumb Code    10  stm32f10x_crc.o(.text)
    CRC_CalcBlockCRC                         0x08008d8b   Thumb Code    32  stm32f10x_crc.o(.text)
    CRC_GetCRC                               0x08008dab   Thumb Code     6  stm32f10x_crc.o(.text)
    CRC_SetIDRegister                        0x08008db1   Thumb Code     6  stm32f10x_crc.o(.text)
    CRC_GetIDRegister                        0x08008db7   Thumb Code     6  stm32f10x_crc.o(.text)
    DAC_DeInit                               0x08008dc1   Thumb Code    22  stm32f10x_dac.o(.text)
    DAC_Init                                 0x08008dd7   Thumb Code    46  stm32f10x_dac.o(.text)
    DAC_StructInit                           0x08008e05   Thumb Code    12  stm32f10x_dac.o(.text)
    DAC_Cmd                                  0x08008e11   Thumb Code    34  stm32f10x_dac.o(.text)
    DAC_DMACmd                               0x08008e33   Thumb Code    38  stm32f10x_dac.o(.text)
    DAC_SoftwareTriggerCmd                   0x08008e59   Thumb Code    48  stm32f10x_dac.o(.text)
    DAC_DualSoftwareTriggerCmd               0x08008e89   Thumb Code    38  stm32f10x_dac.o(.text)
    DAC_WaveGenerationCmd                    0x08008eaf   Thumb Code    36  stm32f10x_dac.o(.text)
    DAC_SetChannel1Data                      0x08008ed3   Thumb Code    26  stm32f10x_dac.o(.text)
    DAC_SetChannel2Data                      0x08008eed   Thumb Code    26  stm32f10x_dac.o(.text)
    DAC_SetDualChannelData                   0x08008f07   Thumb Code    32  stm32f10x_dac.o(.text)
    DAC_GetDataOutputValue                   0x08008f27   Thumb Code    32  stm32f10x_dac.o(.text)
    DBGMCU_GetREVID                          0x08008f4d   Thumb Code     8  stm32f10x_dbgmcu.o(.text)
    DBGMCU_GetDEVID                          0x08008f55   Thumb Code    10  stm32f10x_dbgmcu.o(.text)
    DBGMCU_Config                            0x08008f5f   Thumb Code    26  stm32f10x_dbgmcu.o(.text)
    DMA_DeInit                               0x08008f7d   Thumb Code   324  stm32f10x_dma.o(.text)
    DMA_Init                                 0x080090c1   Thumb Code    60  stm32f10x_dma.o(.text)
    DMA_StructInit                           0x080090fd   Thumb Code    26  stm32f10x_dma.o(.text)
    DMA_Cmd                                  0x08009117   Thumb Code    24  stm32f10x_dma.o(.text)
    DMA_ITConfig                             0x0800912f   Thumb Code    18  stm32f10x_dma.o(.text)
    DMA_SetCurrDataCounter                   0x08009141   Thumb Code     4  stm32f10x_dma.o(.text)
    DMA_GetCurrDataCounter                   0x08009145   Thumb Code     8  stm32f10x_dma.o(.text)
    DMA_GetFlagStatus                        0x0800914d   Thumb Code    40  stm32f10x_dma.o(.text)
    DMA_ClearFlag                            0x08009175   Thumb Code    22  stm32f10x_dma.o(.text)
    DMA_GetITStatus                          0x0800918b   Thumb Code    40  stm32f10x_dma.o(.text)
    DMA_ClearITPendingBit                    0x080091b3   Thumb Code    22  stm32f10x_dma.o(.text)
    EXTI_DeInit                              0x080091d1   Thumb Code    28  stm32f10x_exti.o(.text)
    EXTI_Init                                0x080091ed   Thumb Code   142  stm32f10x_exti.o(.text)
    EXTI_StructInit                          0x0800927b   Thumb Code    16  stm32f10x_exti.o(.text)
    EXTI_GenerateSWInterrupt                 0x0800928b   Thumb Code    16  stm32f10x_exti.o(.text)
    EXTI_GetFlagStatus                       0x0800929b   Thumb Code    22  stm32f10x_exti.o(.text)
    EXTI_ClearFlag                           0x080092b1   Thumb Code     8  stm32f10x_exti.o(.text)
    EXTI_GetITStatus                         0x080092b9   Thumb Code    34  stm32f10x_exti.o(.text)
    EXTI_ClearITPendingBit                   0x080092db   Thumb Code     8  stm32f10x_exti.o(.text)
    FLASH_SetLatency                         0x080092ed   Thumb Code    18  stm32f10x_flash.o(.text)
    FLASH_HalfCycleAccessCmd                 0x080092ff   Thumb Code    22  stm32f10x_flash.o(.text)
    FLASH_PrefetchBufferCmd                  0x08009315   Thumb Code    22  stm32f10x_flash.o(.text)
    FLASH_Unlock                             0x0800932b   Thumb Code    12  stm32f10x_flash.o(.text)
    FLASH_UnlockBank1                        0x08009337   Thumb Code    12  stm32f10x_flash.o(.text)
    FLASH_Lock                               0x08009343   Thumb Code    14  stm32f10x_flash.o(.text)
    FLASH_LockBank1                          0x08009351   Thumb Code    14  stm32f10x_flash.o(.text)
    FLASH_GetBank1Status                     0x0800935f   Thumb Code    48  stm32f10x_flash.o(.text)
    FLASH_WaitForLastOperation               0x0800938f   Thumb Code    38  stm32f10x_flash.o(.text)
    FLASH_ErasePage                          0x080093b5   Thumb Code    72  stm32f10x_flash.o(.text)
    FLASH_EraseAllPages                      0x080093fd   Thumb Code    68  stm32f10x_flash.o(.text)
    FLASH_WaitForLastBank1Operation          0x08009441   Thumb Code    38  stm32f10x_flash.o(.text)
    FLASH_EraseAllBank1Pages                 0x08009467   Thumb Code    68  stm32f10x_flash.o(.text)
    FLASH_GetReadOutProtectionStatus         0x080094ab   Thumb Code    20  stm32f10x_flash.o(.text)
    FLASH_EraseOptionBytes                   0x080094bf   Thumb Code   150  stm32f10x_flash.o(.text)
    FLASH_ProgramWord                        0x08009555   Thumb Code   102  stm32f10x_flash.o(.text)
    FLASH_ProgramHalfWord                    0x080095bb   Thumb Code    60  stm32f10x_flash.o(.text)
    FLASH_ProgramOptionByteData              0x080095f7   Thumb Code    72  stm32f10x_flash.o(.text)
    FLASH_EnableWriteProtection              0x0800963f   Thumb Code   200  stm32f10x_flash.o(.text)
    FLASH_ReadOutProtection                  0x08009707   Thumb Code   156  stm32f10x_flash.o(.text)
    FLASH_UserOptionByteConfig               0x080097a3   Thumb Code    88  stm32f10x_flash.o(.text)
    FLASH_GetUserOptionByte                  0x080097fb   Thumb Code     8  stm32f10x_flash.o(.text)
    FLASH_GetWriteProtectionOptionByte       0x08009803   Thumb Code     6  stm32f10x_flash.o(.text)
    FLASH_GetPrefetchBufferStatus            0x08009809   Thumb Code    20  stm32f10x_flash.o(.text)
    FLASH_ITConfig                           0x0800981d   Thumb Code    26  stm32f10x_flash.o(.text)
    FLASH_GetFlagStatus                      0x08009837   Thumb Code    42  stm32f10x_flash.o(.text)
    FLASH_ClearFlag                          0x08009861   Thumb Code     6  stm32f10x_flash.o(.text)
    FLASH_GetStatus                          0x08009867   Thumb Code    48  stm32f10x_flash.o(.text)
    FSMC_NORSRAMDeInit                       0x080098a9   Thumb Code    54  stm32f10x_fsmc.o(.text)
    FSMC_NANDDeInit                          0x080098df   Thumb Code    62  stm32f10x_fsmc.o(.text)
    FSMC_PCCARDDeInit                        0x0800991d   Thumb Code    36  stm32f10x_fsmc.o(.text)
    FSMC_NORSRAMInit                         0x08009941   Thumb Code   230  stm32f10x_fsmc.o(.text)
    FSMC_NANDInit                            0x08009a27   Thumb Code   132  stm32f10x_fsmc.o(.text)
    FSMC_PCCARDInit                          0x08009aab   Thumb Code   130  stm32f10x_fsmc.o(.text)
    FSMC_NORSRAMStructInit                   0x08009b2d   Thumb Code   114  stm32f10x_fsmc.o(.text)
    FSMC_NANDStructInit                      0x08009b9f   Thumb Code    54  stm32f10x_fsmc.o(.text)
    FSMC_PCCARDStructInit                    0x08009bd5   Thumb Code    60  stm32f10x_fsmc.o(.text)
    FSMC_NORSRAMCmd                          0x08009c11   Thumb Code    46  stm32f10x_fsmc.o(.text)
    FSMC_NANDCmd                             0x08009c3f   Thumb Code    86  stm32f10x_fsmc.o(.text)
    FSMC_PCCARDCmd                           0x08009c95   Thumb Code    44  stm32f10x_fsmc.o(.text)
    FSMC_NANDECCCmd                          0x08009cc1   Thumb Code    90  stm32f10x_fsmc.o(.text)
    FSMC_GetECC                              0x08009d1b   Thumb Code    24  stm32f10x_fsmc.o(.text)
    FSMC_ITConfig                            0x08009d33   Thumb Code   128  stm32f10x_fsmc.o(.text)
    FSMC_GetFlagStatus                       0x08009db3   Thumb Code    54  stm32f10x_fsmc.o(.text)
    FSMC_ClearFlag                           0x08009de9   Thumb Code    62  stm32f10x_fsmc.o(.text)
    FSMC_GetITStatus                         0x08009e27   Thumb Code    64  stm32f10x_fsmc.o(.text)
    FSMC_ClearITPendingBit                   0x08009e67   Thumb Code    68  stm32f10x_fsmc.o(.text)
    GPIO_DeInit                              0x08009eb5   Thumb Code   172  stm32f10x_gpio.o(.text)
    GPIO_AFIODeInit                          0x08009f61   Thumb Code    20  stm32f10x_gpio.o(.text)
    GPIO_Init                                0x08009f75   Thumb Code   278  stm32f10x_gpio.o(.text)
    GPIO_StructInit                          0x0800a08b   Thumb Code    16  stm32f10x_gpio.o(.text)
    GPIO_ReadInputDataBit                    0x0800a09b   Thumb Code    18  stm32f10x_gpio.o(.text)
    GPIO_ReadInputData                       0x0800a0ad   Thumb Code     8  stm32f10x_gpio.o(.text)
    GPIO_ReadOutputDataBit                   0x0800a0b5   Thumb Code    18  stm32f10x_gpio.o(.text)
    GPIO_ReadOutputData                      0x0800a0c7   Thumb Code     8  stm32f10x_gpio.o(.text)
    GPIO_SetBits                             0x0800a0cf   Thumb Code     4  stm32f10x_gpio.o(.text)
    GPIO_ResetBits                           0x0800a0d3   Thumb Code     4  stm32f10x_gpio.o(.text)
    GPIO_WriteBit                            0x0800a0d7   Thumb Code    10  stm32f10x_gpio.o(.text)
    GPIO_Write                               0x0800a0e1   Thumb Code     4  stm32f10x_gpio.o(.text)
    GPIO_PinLockConfig                       0x0800a0e5   Thumb Code    18  stm32f10x_gpio.o(.text)
    GPIO_EventOutputConfig                   0x0800a0f7   Thumb Code    26  stm32f10x_gpio.o(.text)
    GPIO_EventOutputCmd                      0x0800a111   Thumb Code     6  stm32f10x_gpio.o(.text)
    GPIO_PinRemapConfig                      0x0800a117   Thumb Code   138  stm32f10x_gpio.o(.text)
    GPIO_EXTILineConfig                      0x0800a1a1   Thumb Code    66  stm32f10x_gpio.o(.text)
    GPIO_ETH_MediaInterfaceConfig            0x0800a1e3   Thumb Code     8  stm32f10x_gpio.o(.text)
    I2C_DeInit                               0x0800a211   Thumb Code    50  stm32f10x_i2c.o(.text)
    I2C_Init                                 0x0800a243   Thumb Code   222  stm32f10x_i2c.o(.text)
    I2C_StructInit                           0x0800a321   Thumb Code    30  stm32f10x_i2c.o(.text)
    I2C_Cmd                                  0x0800a33f   Thumb Code    24  stm32f10x_i2c.o(.text)
    I2C_DMACmd                               0x0800a357   Thumb Code    24  stm32f10x_i2c.o(.text)
    I2C_DMALastTransferCmd                   0x0800a36f   Thumb Code    24  stm32f10x_i2c.o(.text)
    I2C_GenerateSTART                        0x0800a387   Thumb Code    24  stm32f10x_i2c.o(.text)
    I2C_GenerateSTOP                         0x0800a39f   Thumb Code    24  stm32f10x_i2c.o(.text)
    I2C_AcknowledgeConfig                    0x0800a3b7   Thumb Code    24  stm32f10x_i2c.o(.text)
    I2C_OwnAddress2Config                    0x0800a3cf   Thumb Code    22  stm32f10x_i2c.o(.text)
    I2C_DualAddressCmd                       0x0800a3e5   Thumb Code    24  stm32f10x_i2c.o(.text)
    I2C_GeneralCallCmd                       0x0800a3fd   Thumb Code    24  stm32f10x_i2c.o(.text)
    I2C_ITConfig                             0x0800a415   Thumb Code    18  stm32f10x_i2c.o(.text)
    I2C_SendData                             0x0800a427   Thumb Code     4  stm32f10x_i2c.o(.text)
    I2C_ReceiveData                          0x0800a42b   Thumb Code     8  stm32f10x_i2c.o(.text)
    I2C_Send7bitAddress                      0x0800a433   Thumb Code    18  stm32f10x_i2c.o(.text)
    I2C_ReadRegister                         0x0800a445   Thumb Code    22  stm32f10x_i2c.o(.text)
    I2C_SoftwareResetCmd                     0x0800a45b   Thumb Code    22  stm32f10x_i2c.o(.text)
    I2C_NACKPositionConfig                   0x0800a471   Thumb Code    28  stm32f10x_i2c.o(.text)
    I2C_SMBusAlertConfig                     0x0800a48d   Thumb Code    28  stm32f10x_i2c.o(.text)
    I2C_TransmitPEC                          0x0800a4a9   Thumb Code    24  stm32f10x_i2c.o(.text)
    I2C_PECPositionConfig                    0x0800a4c1   Thumb Code    28  stm32f10x_i2c.o(.text)
    I2C_CalculatePEC                         0x0800a4dd   Thumb Code    24  stm32f10x_i2c.o(.text)
    I2C_GetPEC                               0x0800a4f5   Thumb Code     8  stm32f10x_i2c.o(.text)
    I2C_ARPCmd                               0x0800a4fd   Thumb Code    24  stm32f10x_i2c.o(.text)
    I2C_StretchClockCmd                      0x0800a515   Thumb Code    24  stm32f10x_i2c.o(.text)
    I2C_FastModeDutyCycleConfig              0x0800a52d   Thumb Code    28  stm32f10x_i2c.o(.text)
    I2C_CheckEvent                           0x0800a549   Thumb Code    42  stm32f10x_i2c.o(.text)
    I2C_GetLastEvent                         0x0800a573   Thumb Code    26  stm32f10x_i2c.o(.text)
    I2C_GetFlagStatus                        0x0800a58d   Thumb Code    58  stm32f10x_i2c.o(.text)
    I2C_ClearFlag                            0x0800a5c7   Thumb Code    12  stm32f10x_i2c.o(.text)
    I2C_GetITStatus                          0x0800a5d3   Thumb Code    54  stm32f10x_i2c.o(.text)
    I2C_ClearITPendingBit                    0x0800a609   Thumb Code    12  stm32f10x_i2c.o(.text)
    IWDG_WriteAccessCmd                      0x0800a615   Thumb Code     6  stm32f10x_iwdg.o(.text)
    IWDG_SetPrescaler                        0x0800a61b   Thumb Code     6  stm32f10x_iwdg.o(.text)
    IWDG_SetReload                           0x0800a621   Thumb Code     6  stm32f10x_iwdg.o(.text)
    IWDG_ReloadCounter                       0x0800a627   Thumb Code    10  stm32f10x_iwdg.o(.text)
    IWDG_Enable                              0x0800a631   Thumb Code    10  stm32f10x_iwdg.o(.text)
    IWDG_GetFlagStatus                       0x0800a63b   Thumb Code    20  stm32f10x_iwdg.o(.text)
    PWR_DeInit                               0x0800a655   Thumb Code    22  stm32f10x_pwr.o(.text)
    PWR_BackupAccessCmd                      0x0800a66b   Thumb Code     6  stm32f10x_pwr.o(.text)
    PWR_PVDCmd                               0x0800a671   Thumb Code     6  stm32f10x_pwr.o(.text)
    PWR_PVDLevelConfig                       0x0800a677   Thumb Code    18  stm32f10x_pwr.o(.text)
    PWR_WakeUpPinCmd                         0x0800a689   Thumb Code     8  stm32f10x_pwr.o(.text)
    PWR_EnterSTOPMode                        0x0800a691   Thumb Code    54  stm32f10x_pwr.o(.text)
    PWR_EnterSTANDBYMode                     0x0800a6c7   Thumb Code    42  stm32f10x_pwr.o(.text)
    PWR_GetFlagStatus                        0x0800a6f1   Thumb Code    20  stm32f10x_pwr.o(.text)
    PWR_ClearFlag                            0x0800a705   Thumb Code    14  stm32f10x_pwr.o(.text)
    RCC_DeInit                               0x0800a721   Thumb Code    64  stm32f10x_rcc.o(.text)
    RCC_HSEConfig                            0x0800a761   Thumb Code    70  stm32f10x_rcc.o(.text)
    RCC_GetFlagStatus                        0x0800a7a7   Thumb Code    56  stm32f10x_rcc.o(.text)
    RCC_WaitForHSEStartUp                    0x0800a7df   Thumb Code    56  stm32f10x_rcc.o(.text)
    RCC_AdjustHSICalibrationValue            0x0800a817   Thumb Code    20  stm32f10x_rcc.o(.text)
    RCC_HSICmd                               0x0800a82b   Thumb Code     6  stm32f10x_rcc.o(.text)
    RCC_PLLConfig                            0x0800a831   Thumb Code    24  stm32f10x_rcc.o(.text)
    RCC_PLLCmd                               0x0800a849   Thumb Code     6  stm32f10x_rcc.o(.text)
    RCC_SYSCLKConfig                         0x0800a84f   Thumb Code    18  stm32f10x_rcc.o(.text)
    RCC_GetSYSCLKSource                      0x0800a861   Thumb Code    10  stm32f10x_rcc.o(.text)
    RCC_HCLKConfig                           0x0800a86b   Thumb Code    18  stm32f10x_rcc.o(.text)
    RCC_PCLK1Config                          0x0800a87d   Thumb Code    18  stm32f10x_rcc.o(.text)
    RCC_PCLK2Config                          0x0800a88f   Thumb Code    20  stm32f10x_rcc.o(.text)
    RCC_ITConfig                             0x0800a8a3   Thumb Code    26  stm32f10x_rcc.o(.text)
    RCC_USBCLKConfig                         0x0800a8bd   Thumb Code     8  stm32f10x_rcc.o(.text)
    RCC_ADCCLKConfig                         0x0800a8c5   Thumb Code    18  stm32f10x_rcc.o(.text)
    RCC_LSEConfig                            0x0800a8d7   Thumb Code    50  stm32f10x_rcc.o(.text)
    RCC_LSICmd                               0x0800a909   Thumb Code     6  stm32f10x_rcc.o(.text)
    RCC_RTCCLKConfig                         0x0800a90f   Thumb Code    12  stm32f10x_rcc.o(.text)
    RCC_RTCCLKCmd                            0x0800a91b   Thumb Code     8  stm32f10x_rcc.o(.text)
    RCC_GetClocksFreq                        0x0800a923   Thumb Code   192  stm32f10x_rcc.o(.text)
    RCC_AHBPeriphClockCmd                    0x0800a9e3   Thumb Code    26  stm32f10x_rcc.o(.text)
    RCC_APB2PeriphClockCmd                   0x0800a9fd   Thumb Code    26  stm32f10x_rcc.o(.text)
    RCC_APB1PeriphClockCmd                   0x0800aa17   Thumb Code    26  stm32f10x_rcc.o(.text)
    RCC_APB2PeriphResetCmd                   0x0800aa31   Thumb Code    26  stm32f10x_rcc.o(.text)
    RCC_APB1PeriphResetCmd                   0x0800aa4b   Thumb Code    26  stm32f10x_rcc.o(.text)
    RCC_BackupResetCmd                       0x0800aa65   Thumb Code     8  stm32f10x_rcc.o(.text)
    RCC_ClockSecuritySystemCmd               0x0800aa6d   Thumb Code     6  stm32f10x_rcc.o(.text)
    RCC_MCOConfig                            0x0800aa73   Thumb Code     6  stm32f10x_rcc.o(.text)
    RCC_ClearFlag                            0x0800aa79   Thumb Code    14  stm32f10x_rcc.o(.text)
    RCC_GetITStatus                          0x0800aa87   Thumb Code    20  stm32f10x_rcc.o(.text)
    RCC_ClearITPendingBit                    0x0800aa9b   Thumb Code     6  stm32f10x_rcc.o(.text)
    RTC_ITConfig                             0x0800aac5   Thumb Code    26  stm32f10x_rtc.o(.text)
    RTC_EnterConfigMode                      0x0800aadf   Thumb Code    18  stm32f10x_rtc.o(.text)
    RTC_ExitConfigMode                       0x0800aaf1   Thumb Code    20  stm32f10x_rtc.o(.text)
    RTC_GetCounter                           0x0800ab05   Thumb Code    18  stm32f10x_rtc.o(.text)
    RTC_SetCounter                           0x0800ab17   Thumb Code    26  stm32f10x_rtc.o(.text)
    RTC_SetPrescaler                         0x0800ab31   Thumb Code    28  stm32f10x_rtc.o(.text)
    RTC_SetAlarm                             0x0800ab4d   Thumb Code    26  stm32f10x_rtc.o(.text)
    RTC_GetDivider                           0x0800ab67   Thumb Code    22  stm32f10x_rtc.o(.text)
    RTC_WaitForLastTask                      0x0800ab7d   Thumb Code    18  stm32f10x_rtc.o(.text)
    RTC_WaitForSynchro                       0x0800ab8f   Thumb Code    36  stm32f10x_rtc.o(.text)
    RTC_GetFlagStatus                        0x0800abb3   Thumb Code    22  stm32f10x_rtc.o(.text)
    RTC_ClearFlag                            0x0800abc9   Thumb Code    16  stm32f10x_rtc.o(.text)
    RTC_GetITStatus                          0x0800abd9   Thumb Code    32  stm32f10x_rtc.o(.text)
    RTC_ClearITPendingBit                    0x0800abf9   Thumb Code    16  stm32f10x_rtc.o(.text)
    SDIO_DeInit                              0x0800ac0d   Thumb Code    28  stm32f10x_sdio.o(.text)
    SDIO_Init                                0x0800ac29   Thumb Code    42  stm32f10x_sdio.o(.text)
    SDIO_StructInit                          0x0800ac53   Thumb Code    16  stm32f10x_sdio.o(.text)
    SDIO_ClockCmd                            0x0800ac63   Thumb Code     6  stm32f10x_sdio.o(.text)
    SDIO_SetPowerState                       0x0800ac69   Thumb Code    22  stm32f10x_sdio.o(.text)
    SDIO_GetPowerState                       0x0800ac7f   Thumb Code    10  stm32f10x_sdio.o(.text)
    SDIO_ITConfig                            0x0800ac89   Thumb Code    26  stm32f10x_sdio.o(.text)
    SDIO_DMACmd                              0x0800aca3   Thumb Code     6  stm32f10x_sdio.o(.text)
    SDIO_SendCommand                         0x0800aca9   Thumb Code    38  stm32f10x_sdio.o(.text)
    SDIO_CmdStructInit                       0x0800accf   Thumb Code    14  stm32f10x_sdio.o(.text)
    SDIO_GetCommandResponse                  0x0800acdd   Thumb Code     8  stm32f10x_sdio.o(.text)
    SDIO_GetResponse                         0x0800ace5   Thumb Code    22  stm32f10x_sdio.o(.text)
    SDIO_DataConfig                          0x0800acfb   Thumb Code    42  stm32f10x_sdio.o(.text)
    SDIO_DataStructInit                      0x0800ad25   Thumb Code    20  stm32f10x_sdio.o(.text)
    SDIO_GetDataCounter                      0x0800ad39   Thumb Code     6  stm32f10x_sdio.o(.text)
    SDIO_ReadData                            0x0800ad3f   Thumb Code     8  stm32f10x_sdio.o(.text)
    SDIO_WriteData                           0x0800ad47   Thumb Code     8  stm32f10x_sdio.o(.text)
    SDIO_GetFIFOCount                        0x0800ad4f   Thumb Code     6  stm32f10x_sdio.o(.text)
    SDIO_StartSDIOReadWait                   0x0800ad55   Thumb Code     8  stm32f10x_sdio.o(.text)
    SDIO_StopSDIOReadWait                    0x0800ad5d   Thumb Code     8  stm32f10x_sdio.o(.text)
    SDIO_SetSDIOReadWaitMode                 0x0800ad65   Thumb Code     8  stm32f10x_sdio.o(.text)
    SDIO_SetSDIOOperation                    0x0800ad6d   Thumb Code     8  stm32f10x_sdio.o(.text)
    SDIO_SendSDIOSuspendCmd                  0x0800ad75   Thumb Code     6  stm32f10x_sdio.o(.text)
    SDIO_CommandCompletionCmd                0x0800ad7b   Thumb Code     8  stm32f10x_sdio.o(.text)
    SDIO_CEATAITCmd                          0x0800ad83   Thumb Code    12  stm32f10x_sdio.o(.text)
    SDIO_SendCEATACmd                        0x0800ad8f   Thumb Code     8  stm32f10x_sdio.o(.text)
    SDIO_GetFlagStatus                       0x0800ad97   Thumb Code    20  stm32f10x_sdio.o(.text)
    SDIO_ClearFlag                           0x0800adab   Thumb Code     6  stm32f10x_sdio.o(.text)
    SDIO_GetITStatus                         0x0800adb1   Thumb Code    20  stm32f10x_sdio.o(.text)
    SDIO_ClearITPendingBit                   0x0800adc5   Thumb Code     6  stm32f10x_sdio.o(.text)
    SPI_I2S_DeInit                           0x0800ade1   Thumb Code    76  stm32f10x_spi.o(.text)
    SPI_Init                                 0x0800ae2d   Thumb Code    60  stm32f10x_spi.o(.text)
    I2S_Init                                 0x0800ae69   Thumb Code   226  stm32f10x_spi.o(.text)
    SPI_StructInit                           0x0800af4b   Thumb Code    24  stm32f10x_spi.o(.text)
    I2S_StructInit                           0x0800af63   Thumb Code    20  stm32f10x_spi.o(.text)
    SPI_Cmd                                  0x0800af77   Thumb Code    24  stm32f10x_spi.o(.text)
    I2S_Cmd                                  0x0800af8f   Thumb Code    24  stm32f10x_spi.o(.text)
    SPI_I2S_ITConfig                         0x0800afa7   Thumb Code    32  stm32f10x_spi.o(.text)
    SPI_I2S_DMACmd                           0x0800afc7   Thumb Code    18  stm32f10x_spi.o(.text)
    SPI_I2S_SendData                         0x0800afd9   Thumb Code     4  stm32f10x_spi.o(.text)
    SPI_I2S_ReceiveData                      0x0800afdd   Thumb Code     6  stm32f10x_spi.o(.text)
    SPI_NSSInternalSoftwareConfig            0x0800afe3   Thumb Code    30  stm32f10x_spi.o(.text)
    SPI_SSOutputCmd                          0x0800b001   Thumb Code    24  stm32f10x_spi.o(.text)
    SPI_DataSizeConfig                       0x0800b019   Thumb Code    18  stm32f10x_spi.o(.text)
    SPI_TransmitCRC                          0x0800b02b   Thumb Code    10  stm32f10x_spi.o(.text)
    SPI_CalculateCRC                         0x0800b035   Thumb Code    24  stm32f10x_spi.o(.text)
    SPI_GetCRC                               0x0800b04d   Thumb Code    16  stm32f10x_spi.o(.text)
    SPI_GetCRCPolynomial                     0x0800b05d   Thumb Code     6  stm32f10x_spi.o(.text)
    SPI_BiDirectionalLineConfig              0x0800b063   Thumb Code    28  stm32f10x_spi.o(.text)
    SPI_I2S_GetFlagStatus                    0x0800b07f   Thumb Code    18  stm32f10x_spi.o(.text)
    SPI_I2S_ClearFlag                        0x0800b091   Thumb Code     6  stm32f10x_spi.o(.text)
    SPI_I2S_GetITStatus                      0x0800b097   Thumb Code    52  stm32f10x_spi.o(.text)
    SPI_I2S_ClearITPendingBit                0x0800b0cb   Thumb Code    20  stm32f10x_spi.o(.text)
    TIM_DeInit                               0x0800b0ed   Thumb Code   424  stm32f10x_tim.o(.text)
    TIM_TimeBaseInit                         0x0800b295   Thumb Code   122  stm32f10x_tim.o(.text)
    TIM_OC1Init                              0x0800b30f   Thumb Code   132  stm32f10x_tim.o(.text)
    TIM_OC2Init                              0x0800b393   Thumb Code   154  stm32f10x_tim.o(.text)
    TIM_OC3Init                              0x0800b42d   Thumb Code   150  stm32f10x_tim.o(.text)
    TIM_OC4Init                              0x0800b4c3   Thumb Code   182  stm32f10x_tim.o(.text)
    TIM_SetIC4Prescaler                      0x0800b579   Thumb Code    26  stm32f10x_tim.o(.text)
    TIM_SetIC3Prescaler                      0x0800b615   Thumb Code    18  stm32f10x_tim.o(.text)
    TIM_SetIC2Prescaler                      0x0800b6a1   Thumb Code    26  stm32f10x_tim.o(.text)
    TIM_SetIC1Prescaler                      0x0800b73d   Thumb Code    18  stm32f10x_tim.o(.text)
    TIM_ICInit                               0x0800b7bb   Thumb Code   150  stm32f10x_tim.o(.text)
    TIM_PWMIConfig                           0x0800b851   Thumb Code   124  stm32f10x_tim.o(.text)
    TIM_BDTRConfig                           0x0800b8cd   Thumb Code    32  stm32f10x_tim.o(.text)
    TIM_TimeBaseStructInit                   0x0800b8ed   Thumb Code    18  stm32f10x_tim.o(.text)
    TIM_OCStructInit                         0x0800b8ff   Thumb Code    20  stm32f10x_tim.o(.text)
    TIM_ICStructInit                         0x0800b913   Thumb Code    18  stm32f10x_tim.o(.text)
    TIM_BDTRStructInit                       0x0800b925   Thumb Code    40  stm32f10x_tim.o(.text)
    TIM_Cmd                                  0x0800b94d   Thumb Code    24  stm32f10x_tim.o(.text)
    TIM_CtrlPWMOutputs                       0x0800b965   Thumb Code    30  stm32f10x_tim.o(.text)
    TIM_ITConfig                             0x0800b983   Thumb Code    18  stm32f10x_tim.o(.text)
    TIM_GenerateEvent                        0x0800b995   Thumb Code     4  stm32f10x_tim.o(.text)
    TIM_DMAConfig                            0x0800b999   Thumb Code    10  stm32f10x_tim.o(.text)
    TIM_DMACmd                               0x0800b9a3   Thumb Code    18  stm32f10x_tim.o(.text)
    TIM_InternalClockConfig                  0x0800b9b5   Thumb Code    12  stm32f10x_tim.o(.text)
    TIM_SelectInputTrigger                   0x0800b9c1   Thumb Code    18  stm32f10x_tim.o(.text)
    TIM_ITRxExternalClockConfig              0x0800b9d3   Thumb Code    24  stm32f10x_tim.o(.text)
    TIM_TIxExternalClockConfig               0x0800b9eb   Thumb Code    62  stm32f10x_tim.o(.text)
    TIM_ETRConfig                            0x0800ba29   Thumb Code    28  stm32f10x_tim.o(.text)
    TIM_ETRClockMode1Config                  0x0800ba45   Thumb Code    54  stm32f10x_tim.o(.text)
    TIM_ETRClockMode2Config                  0x0800ba7b   Thumb Code    32  stm32f10x_tim.o(.text)
    TIM_PrescalerConfig                      0x0800ba9b   Thumb Code     6  stm32f10x_tim.o(.text)
    TIM_CounterModeConfig                    0x0800baa1   Thumb Code    18  stm32f10x_tim.o(.text)
    TIM_EncoderInterfaceConfig               0x0800bab3   Thumb Code    66  stm32f10x_tim.o(.text)
    TIM_ForcedOC1Config                      0x0800baf5   Thumb Code    18  stm32f10x_tim.o(.text)
    TIM_ForcedOC2Config                      0x0800bb07   Thumb Code    26  stm32f10x_tim.o(.text)
    TIM_ForcedOC3Config                      0x0800bb21   Thumb Code    18  stm32f10x_tim.o(.text)
    TIM_ForcedOC4Config                      0x0800bb33   Thumb Code    26  stm32f10x_tim.o(.text)
    TIM_ARRPreloadConfig                     0x0800bb4d   Thumb Code    24  stm32f10x_tim.o(.text)
    TIM_SelectCOM                            0x0800bb65   Thumb Code    24  stm32f10x_tim.o(.text)
    TIM_SelectCCDMA                          0x0800bb7d   Thumb Code    24  stm32f10x_tim.o(.text)
    TIM_CCPreloadControl                     0x0800bb95   Thumb Code    24  stm32f10x_tim.o(.text)
    TIM_OC1PreloadConfig                     0x0800bbad   Thumb Code    18  stm32f10x_tim.o(.text)
    TIM_OC2PreloadConfig                     0x0800bbbf   Thumb Code    26  stm32f10x_tim.o(.text)
    TIM_OC3PreloadConfig                     0x0800bbd9   Thumb Code    18  stm32f10x_tim.o(.text)
    TIM_OC4PreloadConfig                     0x0800bbeb   Thumb Code    26  stm32f10x_tim.o(.text)
    TIM_OC1FastConfig                        0x0800bc05   Thumb Code    18  stm32f10x_tim.o(.text)
    TIM_OC2FastConfig                        0x0800bc17   Thumb Code    26  stm32f10x_tim.o(.text)
    TIM_OC3FastConfig                        0x0800bc31   Thumb Code    18  stm32f10x_tim.o(.text)
    TIM_OC4FastConfig                        0x0800bc43   Thumb Code    26  stm32f10x_tim.o(.text)
    TIM_ClearOC1Ref                          0x0800bc5d   Thumb Code    18  stm32f10x_tim.o(.text)
    TIM_ClearOC2Ref                          0x0800bc6f   Thumb Code    24  stm32f10x_tim.o(.text)
    TIM_ClearOC3Ref                          0x0800bc87   Thumb Code    18  stm32f10x_tim.o(.text)
    TIM_ClearOC4Ref                          0x0800bc99   Thumb Code    24  stm32f10x_tim.o(.text)
    TIM_OC1PolarityConfig                    0x0800bcb1   Thumb Code    18  stm32f10x_tim.o(.text)
    TIM_OC1NPolarityConfig                   0x0800bcc3   Thumb Code    18  stm32f10x_tim.o(.text)
    TIM_OC2PolarityConfig                    0x0800bcd5   Thumb Code    26  stm32f10x_tim.o(.text)
    TIM_OC2NPolarityConfig                   0x0800bcef   Thumb Code    26  stm32f10x_tim.o(.text)
    TIM_OC3PolarityConfig                    0x0800bd09   Thumb Code    26  stm32f10x_tim.o(.text)
    TIM_OC3NPolarityConfig                   0x0800bd23   Thumb Code    26  stm32f10x_tim.o(.text)
    TIM_OC4PolarityConfig                    0x0800bd3d   Thumb Code    26  stm32f10x_tim.o(.text)
    TIM_CCxCmd                               0x0800bd57   Thumb Code    30  stm32f10x_tim.o(.text)
    TIM_CCxNCmd                              0x0800bd75   Thumb Code    30  stm32f10x_tim.o(.text)
    TIM_SelectOCxM                           0x0800bd93   Thumb Code    82  stm32f10x_tim.o(.text)
    TIM_UpdateDisableConfig                  0x0800bde5   Thumb Code    24  stm32f10x_tim.o(.text)
    TIM_UpdateRequestConfig                  0x0800bdfd   Thumb Code    24  stm32f10x_tim.o(.text)
    TIM_SelectHallSensor                     0x0800be15   Thumb Code    24  stm32f10x_tim.o(.text)
    TIM_SelectOnePulseMode                   0x0800be2d   Thumb Code    18  stm32f10x_tim.o(.text)
    TIM_SelectOutputTrigger                  0x0800be3f   Thumb Code    18  stm32f10x_tim.o(.text)
    TIM_SelectSlaveMode                      0x0800be51   Thumb Code    18  stm32f10x_tim.o(.text)
    TIM_SelectMasterSlaveMode                0x0800be63   Thumb Code    18  stm32f10x_tim.o(.text)
    TIM_SetCounter                           0x0800be75   Thumb Code     4  stm32f10x_tim.o(.text)
    TIM_SetAutoreload                        0x0800be79   Thumb Code     4  stm32f10x_tim.o(.text)
    TIM_SetCompare1                          0x0800be7d   Thumb Code     4  stm32f10x_tim.o(.text)
    TIM_SetCompare2                          0x0800be81   Thumb Code     4  stm32f10x_tim.o(.text)
    TIM_SetCompare3                          0x0800be85   Thumb Code     4  stm32f10x_tim.o(.text)
    TIM_SetCompare4                          0x0800be89   Thumb Code     6  stm32f10x_tim.o(.text)
    TIM_SetClockDivision                     0x0800be8f   Thumb Code    18  stm32f10x_tim.o(.text)
    TIM_GetCapture1                          0x0800bea1   Thumb Code     6  stm32f10x_tim.o(.text)
    TIM_GetCapture2                          0x0800bea7   Thumb Code     6  stm32f10x_tim.o(.text)
    TIM_GetCapture3                          0x0800bead   Thumb Code     6  stm32f10x_tim.o(.text)
    TIM_GetCapture4                          0x0800beb3   Thumb Code     8  stm32f10x_tim.o(.text)
    TIM_GetCounter                           0x0800bebb   Thumb Code     6  stm32f10x_tim.o(.text)
    TIM_GetPrescaler                         0x0800bec1   Thumb Code     6  stm32f10x_tim.o(.text)
    TIM_GetFlagStatus                        0x0800bec7   Thumb Code    18  stm32f10x_tim.o(.text)
    TIM_ClearFlag                            0x0800bed9   Thumb Code     6  stm32f10x_tim.o(.text)
    TIM_GetITStatus                          0x0800bedf   Thumb Code    34  stm32f10x_tim.o(.text)
    TIM_ClearITPendingBit                    0x0800bf01   Thumb Code     6  stm32f10x_tim.o(.text)
    USART_DeInit                             0x0800bf09   Thumb Code   134  stm32f10x_usart.o(.text)
    USART_Init                               0x0800bf8f   Thumb Code   210  stm32f10x_usart.o(.text)
    USART_StructInit                         0x0800c061   Thumb Code    24  stm32f10x_usart.o(.text)
    USART_ClockInit                          0x0800c079   Thumb Code    34  stm32f10x_usart.o(.text)
    USART_ClockStructInit                    0x0800c09b   Thumb Code    12  stm32f10x_usart.o(.text)
    USART_Cmd                                0x0800c0a7   Thumb Code    24  stm32f10x_usart.o(.text)
    USART_ITConfig                           0x0800c0bf   Thumb Code    74  stm32f10x_usart.o(.text)
    USART_DMACmd                             0x0800c109   Thumb Code    18  stm32f10x_usart.o(.text)
    USART_SetAddress                         0x0800c11b   Thumb Code    18  stm32f10x_usart.o(.text)
    USART_WakeUpConfig                       0x0800c12d   Thumb Code    18  stm32f10x_usart.o(.text)
    USART_ReceiverWakeUpCmd                  0x0800c13f   Thumb Code    24  stm32f10x_usart.o(.text)
    USART_LINBreakDetectLengthConfig         0x0800c157   Thumb Code    18  stm32f10x_usart.o(.text)
    USART_LINCmd                             0x0800c169   Thumb Code    24  stm32f10x_usart.o(.text)
    USART_SendData                           0x0800c181   Thumb Code     8  stm32f10x_usart.o(.text)
    USART_ReceiveData                        0x0800c189   Thumb Code    10  stm32f10x_usart.o(.text)
    USART_SendBreak                          0x0800c193   Thumb Code    10  stm32f10x_usart.o(.text)
    USART_SetGuardTime                       0x0800c19d   Thumb Code    16  stm32f10x_usart.o(.text)
    USART_SetPrescaler                       0x0800c1ad   Thumb Code    16  stm32f10x_usart.o(.text)
    USART_SmartCardCmd                       0x0800c1bd   Thumb Code    24  stm32f10x_usart.o(.text)
    USART_SmartCardNACKCmd                   0x0800c1d5   Thumb Code    24  stm32f10x_usart.o(.text)
    USART_HalfDuplexCmd                      0x0800c1ed   Thumb Code    24  stm32f10x_usart.o(.text)
    USART_OverSampling8Cmd                   0x0800c205   Thumb Code    22  stm32f10x_usart.o(.text)
    USART_OneBitMethodCmd                    0x0800c21b   Thumb Code    24  stm32f10x_usart.o(.text)
    USART_IrDAConfig                         0x0800c233   Thumb Code    18  stm32f10x_usart.o(.text)
    USART_IrDACmd                            0x0800c245   Thumb Code    24  stm32f10x_usart.o(.text)
    USART_GetFlagStatus                      0x0800c25d   Thumb Code    26  stm32f10x_usart.o(.text)
    USART_ClearFlag                          0x0800c277   Thumb Code    18  stm32f10x_usart.o(.text)
    USART_GetITStatus                        0x0800c289   Thumb Code    84  stm32f10x_usart.o(.text)
    USART_ClearITPendingBit                  0x0800c2dd   Thumb Code    52  stm32f10x_usart.o(.text)
    WWDG_DeInit                              0x0800c311   Thumb Code    22  stm32f10x_wwdg.o(.text)
    WWDG_SetPrescaler                        0x0800c327   Thumb Code    18  stm32f10x_wwdg.o(.text)
    WWDG_SetWindowValue                      0x0800c339   Thumb Code    34  stm32f10x_wwdg.o(.text)
    WWDG_EnableIT                            0x0800c35b   Thumb Code     8  stm32f10x_wwdg.o(.text)
    WWDG_SetCounter                          0x0800c363   Thumb Code    12  stm32f10x_wwdg.o(.text)
    WWDG_Enable                              0x0800c36f   Thumb Code    12  stm32f10x_wwdg.o(.text)
    WWDG_GetFlagStatus                       0x0800c37b   Thumb Code    10  stm32f10x_wwdg.o(.text)
    WWDG_ClearFlag                           0x0800c385   Thumb Code    10  stm32f10x_wwdg.o(.text)
    LoadSystem                               0x0800c591   Thumb Code    70  app.o(.text)
    App_NMI_ISR                              0x0800c811   Thumb Code     4  app_vect.o(.text)
    App_Fault_ISR                            0x0800c815   Thumb Code     4  app_vect.o(.text)
    App_BusFault_ISR                         0x0800c819   Thumb Code     4  app_vect.o(.text)
    App_UsageFault_ISR                       0x0800c81d   Thumb Code     4  app_vect.o(.text)
    App_MemFault_ISR                         0x0800c821   Thumb Code     4  app_vect.o(.text)
    App_Spurious_ISR                         0x0800c825   Thumb Code     4  app_vect.o(.text)
    App_Reserved_ISR                         0x0800c829   Thumb Code     2  app_vect.o(.text)
    App_OS_TimeTickHook                      0x0800c82d   Thumb Code     2  os_app_hooks.o(.text)
    App_OS_TaskSwHook                        0x0800c82f   Thumb Code     2  os_app_hooks.o(.text)
    App_OS_StatTaskHook                      0x0800c831   Thumb Code     2  os_app_hooks.o(.text)
    App_OS_IdleTaskHook                      0x0800c833   Thumb Code     2  os_app_hooks.o(.text)
    App_OS_TaskReturnHook                    0x0800c835   Thumb Code     2  os_app_hooks.o(.text)
    App_OS_TaskDelHook                       0x0800c837   Thumb Code     2  os_app_hooks.o(.text)
    App_OS_TaskCreateHook                    0x0800c839   Thumb Code     2  os_app_hooks.o(.text)
    App_OS_SetAllHooks                       0x0800c83b   Thumb Code    98  os_app_hooks.o(.text)
    App_OS_ClrAllHooks                       0x0800c89d   Thumb Code    72  os_app_hooks.o(.text)
    NMI_Handler                              0x0800c901   Thumb Code     2  stm32f10x_it.o(.text)
    HardFault_Handler                        0x0800c903   Thumb Code     4  stm32f10x_it.o(.text)
    MemManage_Handler                        0x0800c907   Thumb Code     4  stm32f10x_it.o(.text)
    BusFault_Handler                         0x0800c90b   Thumb Code     4  stm32f10x_it.o(.text)
    UsageFault_Handler                       0x0800c90f   Thumb Code     4  stm32f10x_it.o(.text)
    SVC_Handler                              0x0800c913   Thumb Code     2  stm32f10x_it.o(.text)
    DebugMon_Handler                         0x0800c915   Thumb Code     2  stm32f10x_it.o(.text)
    SystemInit                               0x0800c9f7   Thumb Code    78  system_stm32f10x.o(.text)
    SystemCoreClockUpdate                    0x0800ca45   Thumb Code   142  system_stm32f10x.o(.text)
    BSP_Init                                 0x0800caf9   Thumb Code    24  bsp.o(.text)
    BSP_CPU_ClkFreq                          0x0800cb11   Thumb Code    16  bsp.o(.text)
    CPU_TS_TmrInit                           0x0800cb21   Thumb Code    16  bsp.o(.text)
    CPU_TS_TmrRd                             0x0800cb31   Thumb Code     4  bsp.o(.text)
    BSP_IntClr                               0x0800cb39   Thumb Code     2  bsp_int.o(.text)
    BSP_IntDis                               0x0800cb3b   Thumb Code    20  bsp_int.o(.text)
    BSP_IntDisAll                            0x0800cb4f   Thumb Code     8  bsp_int.o(.text)
    BSP_IntEn                                0x0800cb57   Thumb Code    20  bsp_int.o(.text)
    BSP_IntVectSet                           0x0800cb6b   Thumb Code    56  bsp_int.o(.text)
    BSP_IntPrioSet                           0x0800cba3   Thumb Code    62  bsp_int.o(.text)
    BSP_IntInit                              0x0800cbe3   Thumb Code    22  bsp_int.o(.text)
    BSP_IntHandlerWWDG                       0x0800cc3b   Thumb Code    10  bsp_int.o(.text)
    BSP_IntHandlerPVD                        0x0800cc45   Thumb Code    10  bsp_int.o(.text)
    BSP_IntHandlerTAMPER                     0x0800cc4f   Thumb Code    10  bsp_int.o(.text)
    BSP_IntHandlerRTC                        0x0800cc59   Thumb Code    10  bsp_int.o(.text)
    BSP_IntHandlerFLASH                      0x0800cc63   Thumb Code    10  bsp_int.o(.text)
    BSP_IntHandlerRCC                        0x0800cc6d   Thumb Code    10  bsp_int.o(.text)
    BSP_IntHandlerEXTI0                      0x0800cc77   Thumb Code    10  bsp_int.o(.text)
    BSP_IntHandlerEXTI1                      0x0800cc81   Thumb Code    10  bsp_int.o(.text)
    BSP_IntHandlerEXTI2                      0x0800cc8b   Thumb Code    10  bsp_int.o(.text)
    BSP_IntHandlerEXTI3                      0x0800cc95   Thumb Code    10  bsp_int.o(.text)
    BSP_IntHandlerEXTI4                      0x0800cc9f   Thumb Code    10  bsp_int.o(.text)
    BSP_IntHandlerDMA1_CH1                   0x0800cca9   Thumb Code    10  bsp_int.o(.text)
    BSP_IntHandlerDMA1_CH2                   0x0800ccb3   Thumb Code    10  bsp_int.o(.text)
    BSP_IntHandlerDMA1_CH3                   0x0800ccbd   Thumb Code    10  bsp_int.o(.text)
    BSP_IntHandlerDMA1_CH4                   0x0800ccc7   Thumb Code    10  bsp_int.o(.text)
    BSP_IntHandlerDMA1_CH5                   0x0800ccd1   Thumb Code    10  bsp_int.o(.text)
    BSP_IntHandlerDMA1_CH6                   0x0800ccdb   Thumb Code    10  bsp_int.o(.text)
    BSP_IntHandlerDMA1_CH7                   0x0800cce5   Thumb Code    10  bsp_int.o(.text)
    BSP_IntHandlerADC1_2                     0x0800ccef   Thumb Code    10  bsp_int.o(.text)
    BSP_IntHandlerCAN1_TX                    0x0800ccf9   Thumb Code    10  bsp_int.o(.text)
    BSP_IntHandlerCAN1_RX0                   0x0800cd03   Thumb Code    10  bsp_int.o(.text)
    BSP_IntHandlerCAN1_RX1                   0x0800cd0d   Thumb Code    10  bsp_int.o(.text)
    BSP_IntHandlerCAN1_SCE                   0x0800cd17   Thumb Code    10  bsp_int.o(.text)
    BSP_IntHandlerEXTI9_5                    0x0800cd21   Thumb Code    10  bsp_int.o(.text)
    BSP_IntHandlerTIM1_BRK                   0x0800cd2b   Thumb Code    10  bsp_int.o(.text)
    BSP_IntHandlerTIM1_UP                    0x0800cd35   Thumb Code    10  bsp_int.o(.text)
    BSP_IntHandlerTIM1_TRG_COM               0x0800cd3f   Thumb Code    10  bsp_int.o(.text)
    BSP_IntHandlerTIM1_CC                    0x0800cd49   Thumb Code    10  bsp_int.o(.text)
    BSP_IntHandlerTIM2                       0x0800cd53   Thumb Code    10  bsp_int.o(.text)
    BSP_IntHandlerTIM3                       0x0800cd5d   Thumb Code    10  bsp_int.o(.text)
    BSP_IntHandlerTIM4                       0x0800cd67   Thumb Code    10  bsp_int.o(.text)
    BSP_IntHandlerI2C1_EV                    0x0800cd71   Thumb Code    10  bsp_int.o(.text)
    BSP_IntHandlerI2C1_ER                    0x0800cd7b   Thumb Code    10  bsp_int.o(.text)
    BSP_IntHandlerI2C2_EV                    0x0800cd85   Thumb Code    10  bsp_int.o(.text)
    BSP_IntHandlerI2C2_ER                    0x0800cd8f   Thumb Code    10  bsp_int.o(.text)
    BSP_IntHandlerSPI1                       0x0800cd99   Thumb Code    10  bsp_int.o(.text)
    BSP_IntHandlerSPI2                       0x0800cda3   Thumb Code    10  bsp_int.o(.text)
    BSP_IntHandlerUSART1                     0x0800cdad   Thumb Code    10  bsp_int.o(.text)
    BSP_IntHandlerUSART2                     0x0800cdb7   Thumb Code    10  bsp_int.o(.text)
    BSP_IntHandlerUSART3                     0x0800cdc1   Thumb Code    10  bsp_int.o(.text)
    BSP_IntHandlerEXTI15_10                  0x0800cdcb   Thumb Code    10  bsp_int.o(.text)
    BSP_IntHandlerRTCAlarm                   0x0800cdd5   Thumb Code    10  bsp_int.o(.text)
    BSP_IntHandlerUSBWakeUp                  0x0800cddf   Thumb Code    10  bsp_int.o(.text)
    BSP_IntHandlerTIM5                       0x0800cde9   Thumb Code    10  bsp_int.o(.text)
    BSP_IntHandlerSPI3                       0x0800cdf3   Thumb Code    10  bsp_int.o(.text)
    BSP_IntHandlerUSART4                     0x0800cdfd   Thumb Code    10  bsp_int.o(.text)
    BSP_IntHandlerUSART5                     0x0800ce07   Thumb Code    10  bsp_int.o(.text)
    BSP_IntHandlerTIM6                       0x0800ce11   Thumb Code    10  bsp_int.o(.text)
    BSP_IntHandlerTIM7                       0x0800ce1b   Thumb Code    10  bsp_int.o(.text)
    BSP_IntHandlerDMA2_CH1                   0x0800ce25   Thumb Code    10  bsp_int.o(.text)
    BSP_IntHandlerDMA2_CH2                   0x0800ce2f   Thumb Code    10  bsp_int.o(.text)
    BSP_IntHandlerDMA2_CH3                   0x0800ce39   Thumb Code    10  bsp_int.o(.text)
    BSP_IntHandlerDMA2_CH4                   0x0800ce43   Thumb Code    10  bsp_int.o(.text)
    BSP_IntHandlerDMA2_CH5                   0x0800ce4d   Thumb Code    10  bsp_int.o(.text)
    BSP_IntHandlerETH                        0x0800ce57   Thumb Code    10  bsp_int.o(.text)
    BSP_IntHandlerETHWakeup                  0x0800ce61   Thumb Code    10  bsp_int.o(.text)
    BSP_IntHandlerCAN2_TX                    0x0800ce6b   Thumb Code    10  bsp_int.o(.text)
    BSP_IntHandlerCAN2_RX0                   0x0800ce75   Thumb Code    10  bsp_int.o(.text)
    BSP_IntHandlerCAN2_RX1                   0x0800ce7f   Thumb Code    10  bsp_int.o(.text)
    BSP_IntHandlerCAN2_SCE                   0x0800ce89   Thumb Code    10  bsp_int.o(.text)
    BSP_IntHandlerOTG                        0x0800ce93   Thumb Code    10  bsp_int.o(.text)
    BSP_OS_SemCreate                         0x0800cea5   Thumb Code    34  bsp_os.o(.text)
    BSP_OS_SemWait                           0x0800cec7   Thumb Code    50  bsp_os.o(.text)
    BSP_OS_SemPost                           0x0800cef9   Thumb Code    28  bsp_os.o(.text)
    BSP_OS_TimeDlyMs                         0x0800cf15   Thumb Code    68  bsp_os.o(.text)
    OneWire_Init                             0x0800cf5d   Thumb Code    30  ds18b20.o(.text)
    OneWire_Reset                            0x0800cf7b   Thumb Code   116  ds18b20.o(.text)
    OneWire_ReadBit                          0x0800cfef   Thumb Code    74  ds18b20.o(.text)
    OneWire_WriteBit                         0x0800d039   Thumb Code    58  ds18b20.o(.text)
    OneWire_WriteChar                        0x0800d073   Thumb Code    60  ds18b20.o(.text)
    OneWire_ReadChar                         0x0800d0af   Thumb Code    52  ds18b20.o(.text)
    DS18B20_StartConvTemp                    0x0800d0e3   Thumb Code    20  ds18b20.o(.text)
    DS18B20_ReadTemp                         0x0800d0f7   Thumb Code    92  ds18b20.o(.text)
    REG_RCLK_Tick                            0x0800d161   Thumb Code    20  reg.o(.text)
    REG_Push                                 0x0800d175   Thumb Code    48  reg.o(.text)
    REG_Update                               0x0800d1a5   Thumb Code    56  reg.o(.text)
    REG_Init                                 0x0800d1dd   Thumb Code    46  reg.o(.text)
    REG_Set                                  0x0800d20b   Thumb Code    42  reg.o(.text)
    REG_HexToReg                             0x0800d235   Thumb Code   102  reg.o(.text)
    TIM2_IRQHandler                          0x0800d2a9   Thumb Code    22  tim.o(.text)
    Delay_us                                 0x0800d2bf   Thumb Code    38  tim.o(.text)
    cfgTIM                                   0x0800d2e5   Thumb Code   100  tim.o(.text)
    IIC_Init                                 0x0800d4dd   Thumb Code    40  iic.o(.text)
    IIC_Read                                 0x0800d505   Thumb Code    60  iic.o(.text)
    IIC_Write                                0x0800d541   Thumb Code    48  iic.o(.text)
    IR_Init                                  0x0800d575   Thumb Code   152  ir.o(.text)
    IR_Enable                                0x0800d60d   Thumb Code    38  ir.o(.text)
    IR_Disable                               0x0800d633   Thumb Code    22  ir.o(.text)
    IR_CodeRepeated                          0x0800d649   Thumb Code     2  ir.o(.text)
    IR_CodeReceived                          0x0800d64b   Thumb Code     8  ir.o(.text)
    IR_Hook                                  0x0800d653   Thumb Code   418  ir.o(.text)
    TIM3_IRQHandler                          0x0800d7f5   Thumb Code    72  ir.o(.text)
    __aeabi_uldivmod                         0x0800d85d   Thumb Code     0  lludivv7m.o(.text)
    _ll_udiv                                 0x0800d85d   Thumb Code   238  lludivv7m.o(.text)
    __use_two_region_memory                  0x0800d94b   Thumb Code     2  heapauxi.o(.text)
    __rt_heap_escrow$2region                 0x0800d94d   Thumb Code     2  heapauxi.o(.text)
    __rt_heap_expand$2region                 0x0800d94f   Thumb Code     2  heapauxi.o(.text)
    __aeabi_fadd                             0x0800d951   Thumb Code     0  faddsub_clz.o(x$fpl$fadd)
    _fadd                                    0x0800d951   Thumb Code   196  faddsub_clz.o(x$fpl$fadd)
    __aeabi_fdiv                             0x0800da15   Thumb Code     0  fdiv.o(x$fpl$fdiv)
    _fdiv                                    0x0800da15   Thumb Code   384  fdiv.o(x$fpl$fdiv)
    __aeabi_f2uiz                            0x0800db99   Thumb Code     0  ffixu.o(x$fpl$ffixu)
    _ffixu                                   0x0800db99   Thumb Code    62  ffixu.o(x$fpl$ffixu)
    __aeabi_i2f                              0x0800dbd9   Thumb Code     0  fflt_clz.o(x$fpl$fflt)
    _fflt                                    0x0800dbd9   Thumb Code    48  fflt_clz.o(x$fpl$fflt)
    __aeabi_fmul                             0x0800dc09   Thumb Code     0  fmul.o(x$fpl$fmul)
    _fmul                                    0x0800dc09   Thumb Code   258  fmul.o(x$fpl$fmul)
    __fpl_fnaninf                            0x0800dd0b   Thumb Code   140  fnaninf.o(x$fpl$fnaninf)
    __fpl_fretinf                            0x0800dd97   Thumb Code    10  fretinf.o(x$fpl$fretinf)
    __aeabi_fsub                             0x0800dda1   Thumb Code     0  faddsub_clz.o(x$fpl$fsub)
    _fsub                                    0x0800dda1   Thumb Code   234  faddsub_clz.o(x$fpl$fsub)
    __I$use$fp                               0x0800de8a   Number         0  usenofp.o(x$fpl$usenofp)
    OSCfg_IdleTaskStkBasePtr                 0x0800de8c   Data           4  os_cfg_app.o(.constdata)
    OSCfg_IdleTaskStkLimit                   0x0800de90   Data           4  os_cfg_app.o(.constdata)
    OSCfg_IdleTaskStkSize                    0x0800de94   Data           4  os_cfg_app.o(.constdata)
    OSCfg_IdleTaskStkSizeRAM                 0x0800de98   Data           4  os_cfg_app.o(.constdata)
    OSCfg_IntQBasePtr                        0x0800de9c   Data           4  os_cfg_app.o(.constdata)
    OSCfg_IntQSize                           0x0800dea0   Data           2  os_cfg_app.o(.constdata)
    OSCfg_IntQSizeRAM                        0x0800dea4   Data           4  os_cfg_app.o(.constdata)
    OSCfg_IntQTaskStkBasePtr                 0x0800dea8   Data           4  os_cfg_app.o(.constdata)
    OSCfg_IntQTaskStkLimit                   0x0800deac   Data           4  os_cfg_app.o(.constdata)
    OSCfg_IntQTaskStkSize                    0x0800deb0   Data           4  os_cfg_app.o(.constdata)
    OSCfg_IntQTaskStkSizeRAM                 0x0800deb4   Data           4  os_cfg_app.o(.constdata)
    OSCfg_ISRStkBasePtr                      0x0800deb8   Data           4  os_cfg_app.o(.constdata)
    OSCfg_ISRStkSize                         0x0800debc   Data           4  os_cfg_app.o(.constdata)
    OSCfg_ISRStkSizeRAM                      0x0800dec0   Data           4  os_cfg_app.o(.constdata)
    OSCfg_MsgPoolSize                        0x0800dec4   Data           2  os_cfg_app.o(.constdata)
    OSCfg_MsgPoolSizeRAM                     0x0800dec8   Data           4  os_cfg_app.o(.constdata)
    OSCfg_MsgPoolBasePtr                     0x0800decc   Data           4  os_cfg_app.o(.constdata)
    OSCfg_StatTaskPrio                       0x0800ded0   Data           1  os_cfg_app.o(.constdata)
    OSCfg_StatTaskRate_Hz                    0x0800ded4   Data           4  os_cfg_app.o(.constdata)
    OSCfg_StatTaskStkBasePtr                 0x0800ded8   Data           4  os_cfg_app.o(.constdata)
    OSCfg_StatTaskStkLimit                   0x0800dedc   Data           4  os_cfg_app.o(.constdata)
    OSCfg_StatTaskStkSize                    0x0800dee0   Data           4  os_cfg_app.o(.constdata)
    OSCfg_StatTaskStkSizeRAM                 0x0800dee4   Data           4  os_cfg_app.o(.constdata)
    OSCfg_StkSizeMin                         0x0800dee8   Data           4  os_cfg_app.o(.constdata)
    OSCfg_TickRate_Hz                        0x0800deec   Data           4  os_cfg_app.o(.constdata)
    OSCfg_TickTaskPrio                       0x0800def0   Data           1  os_cfg_app.o(.constdata)
    OSCfg_TickTaskStkBasePtr                 0x0800def4   Data           4  os_cfg_app.o(.constdata)
    OSCfg_TickTaskStkLimit                   0x0800def8   Data           4  os_cfg_app.o(.constdata)
    OSCfg_TickTaskStkSize                    0x0800defc   Data           4  os_cfg_app.o(.constdata)
    OSCfg_TickTaskStkSizeRAM                 0x0800df00   Data           4  os_cfg_app.o(.constdata)
    OSCfg_TickWheelSize                      0x0800df04   Data           2  os_cfg_app.o(.constdata)
    OSCfg_TickWheelSizeRAM                   0x0800df08   Data           4  os_cfg_app.o(.constdata)
    OSCfg_TmrTaskPrio                        0x0800df0c   Data           1  os_cfg_app.o(.constdata)
    OSCfg_TmrTaskRate_Hz                     0x0800df10   Data           4  os_cfg_app.o(.constdata)
    OSCfg_TmrTaskStkBasePtr                  0x0800df14   Data           4  os_cfg_app.o(.constdata)
    OSCfg_TmrTaskStkLimit                    0x0800df18   Data           4  os_cfg_app.o(.constdata)
    OSCfg_TmrTaskStkSize                     0x0800df1c   Data           4  os_cfg_app.o(.constdata)
    OSCfg_TmrTaskStkSizeRAM                  0x0800df20   Data           4  os_cfg_app.o(.constdata)
    OSCfg_TmrWheelSize                       0x0800df24   Data           2  os_cfg_app.o(.constdata)
    OSCfg_TmrWheelSizeRAM                    0x0800df28   Data           4  os_cfg_app.o(.constdata)
    OSCfg_DataSizeRAM                        0x0800df2c   Data           4  os_cfg_app.o(.constdata)
    OSDbg_DbgEn                              0x0800df30   Data           2  os_dbg.o(.constdata)
    OSDbg_ArgChkEn                           0x0800df32   Data           1  os_dbg.o(.constdata)
    OSDbg_AppHooksEn                         0x0800df33   Data           1  os_dbg.o(.constdata)
    OSDbg_EndiannessTest                     0x0800df34   Data           4  os_dbg.o(.constdata)
    OSDbg_CalledFromISRChkEn                 0x0800df38   Data           1  os_dbg.o(.constdata)
    OSDbg_FlagEn                             0x0800df39   Data           1  os_dbg.o(.constdata)
    OSDbg_FlagGrp                            0x0800df3c   Data          40  os_dbg.o(.constdata)
    OSDbg_FlagDelEn                          0x0800df64   Data           1  os_dbg.o(.constdata)
    OSDbg_FlagModeClrEn                      0x0800df65   Data           1  os_dbg.o(.constdata)
    OSDbg_FlagPendAbortEn                    0x0800df66   Data           1  os_dbg.o(.constdata)
    OSDbg_FlagGrpSize                        0x0800df68   Data           2  os_dbg.o(.constdata)
    OSDbg_FlagWidth                          0x0800df6a   Data           2  os_dbg.o(.constdata)
    OSDbg_IntQ                               0x0800df6c   Data           2  os_dbg.o(.constdata)
    OSDbg_ISRPostDeferredEn                  0x0800df6e   Data           1  os_dbg.o(.constdata)
    OSDbg_Mem                                0x0800df70   Data          32  os_dbg.o(.constdata)
    OSDbg_MemEn                              0x0800df90   Data           1  os_dbg.o(.constdata)
    OSDbg_MemSize                            0x0800df92   Data           2  os_dbg.o(.constdata)
    OSDbg_MsgEn                              0x0800df94   Data           1  os_dbg.o(.constdata)
    OSDbg_MsgSize                            0x0800df96   Data           2  os_dbg.o(.constdata)
    OSDbg_MsgPoolSize                        0x0800df98   Data           2  os_dbg.o(.constdata)
    OSDbg_MsgQSize                           0x0800df9a   Data           2  os_dbg.o(.constdata)
    OSDbg_Mutex                              0x0800df9c   Data          44  os_dbg.o(.constdata)
    OSDbg_MutexEn                            0x0800dfc8   Data           1  os_dbg.o(.constdata)
    OSDbg_MutexDelEn                         0x0800dfc9   Data           1  os_dbg.o(.constdata)
    OSDbg_MutexPendAbortEn                   0x0800dfca   Data           1  os_dbg.o(.constdata)
    OSDbg_MutexSize                          0x0800dfcc   Data           2  os_dbg.o(.constdata)
    OSDbg_ObjTypeChkEn                       0x0800dfce   Data           1  os_dbg.o(.constdata)
    OSDbg_PendMultiEn                        0x0800dfcf   Data           1  os_dbg.o(.constdata)
    OSDbg_PendDataSize                       0x0800dfd0   Data           2  os_dbg.o(.constdata)
    OSDbg_PendListSize                       0x0800dfd2   Data           2  os_dbg.o(.constdata)
    OSDbg_PendObjSize                        0x0800dfd4   Data           2  os_dbg.o(.constdata)
    OSDbg_PrioMax                            0x0800dfd6   Data           2  os_dbg.o(.constdata)
    OSDbg_PrioTblSize                        0x0800dfd8   Data           2  os_dbg.o(.constdata)
    OSDbg_PtrSize                            0x0800dfda   Data           2  os_dbg.o(.constdata)
    OSDbg_Q                                  0x0800dfdc   Data          48  os_dbg.o(.constdata)
    OSDbg_QEn                                0x0800e00c   Data           1  os_dbg.o(.constdata)
    OSDbg_QDelEn                             0x0800e00d   Data           1  os_dbg.o(.constdata)
    OSDbg_QFlushEn                           0x0800e00e   Data           1  os_dbg.o(.constdata)
    OSDbg_QPendAbortEn                       0x0800e00f   Data           1  os_dbg.o(.constdata)
    OSDbg_QSize                              0x0800e010   Data           2  os_dbg.o(.constdata)
    OSDbg_SchedRoundRobinEn                  0x0800e012   Data           1  os_dbg.o(.constdata)
    OSDbg_Sem                                0x0800e014   Data          40  os_dbg.o(.constdata)
    OSDbg_SemEn                              0x0800e03c   Data           1  os_dbg.o(.constdata)
    OSDbg_SemDelEn                           0x0800e03d   Data           1  os_dbg.o(.constdata)
    OSDbg_SemPendAbortEn                     0x0800e03e   Data           1  os_dbg.o(.constdata)
    OSDbg_SemSetEn                           0x0800e03f   Data           1  os_dbg.o(.constdata)
    OSDbg_SemSize                            0x0800e040   Data           2  os_dbg.o(.constdata)
    OSDbg_RdyList                            0x0800e042   Data           2  os_dbg.o(.constdata)
    OSDbg_RdyListSize                        0x0800e044   Data           4  os_dbg.o(.constdata)
    OSDbg_StkWidth                           0x0800e048   Data           1  os_dbg.o(.constdata)
    OSDbg_StatTaskEn                         0x0800e049   Data           1  os_dbg.o(.constdata)
    OSDbg_StatTaskStkChkEn                   0x0800e04a   Data           1  os_dbg.o(.constdata)
    OSDbg_TaskChangePrioEn                   0x0800e04b   Data           1  os_dbg.o(.constdata)
    OSDbg_TaskDelEn                          0x0800e04c   Data           1  os_dbg.o(.constdata)
    OSDbg_TaskQEn                            0x0800e04d   Data           1  os_dbg.o(.constdata)
    OSDbg_TaskQPendAbortEn                   0x0800e04e   Data           1  os_dbg.o(.constdata)
    OSDbg_TaskProfileEn                      0x0800e04f   Data           1  os_dbg.o(.constdata)
    OSDbg_TaskRegTblSize                     0x0800e050   Data           2  os_dbg.o(.constdata)
    OSDbg_TaskSemPendAbortEn                 0x0800e052   Data           1  os_dbg.o(.constdata)
    OSDbg_TaskSuspendEn                      0x0800e053   Data           1  os_dbg.o(.constdata)
    OSDbg_TCBSize                            0x0800e054   Data           2  os_dbg.o(.constdata)
    OSDbg_TickSpokeSize                      0x0800e056   Data           2  os_dbg.o(.constdata)
    OSDbg_TimeDlyHMSMEn                      0x0800e058   Data           1  os_dbg.o(.constdata)
    OSDbg_TimeDlyResumeEn                    0x0800e059   Data           1  os_dbg.o(.constdata)
    OSDbg_Tmr                                0x0800e05c   Data          52  os_dbg.o(.constdata)
    OSDbg_TmrEn                              0x0800e090   Data           1  os_dbg.o(.constdata)
    OSDbg_TmrDelEn                           0x0800e091   Data           1  os_dbg.o(.constdata)
    OSDbg_TmrSize                            0x0800e092   Data           2  os_dbg.o(.constdata)
    OSDbg_TmrSpokeSize                       0x0800e094   Data           2  os_dbg.o(.constdata)
    OSDbg_VersionNbr                         0x0800e096   Data           2  os_dbg.o(.constdata)
    OSDbg_DataSize                           0x0800e098   Data           4  os_dbg.o(.constdata)
    OS_CPU_ExceptStkBase                     0x20000000   Data           4  os_cpu_c.o(.data)
    OSPrioTbl                                0x20000004   Data           4  os_prio.o(.data)
    OS_AppTaskCreateHookPtr                  0x20000008   Data           4  os_var.o(.data)
    OS_AppTaskDelHookPtr                     0x2000000c   Data           4  os_var.o(.data)
    OS_AppTaskReturnHookPtr                  0x20000010   Data           4  os_var.o(.data)
    OS_AppIdleTaskHookPtr                    0x20000014   Data           4  os_var.o(.data)
    OS_AppStatTaskHookPtr                    0x20000018   Data           4  os_var.o(.data)
    OS_AppTaskSwHookPtr                      0x2000001c   Data           4  os_var.o(.data)
    OS_AppTimeTickHookPtr                    0x20000020   Data           4  os_var.o(.data)
    OSIdleTaskCtr                            0x20000024   Data           4  os_var.o(.data)
    OSIntNestingCtr                          0x20000028   Data           1  os_var.o(.data)
    OSIntDisTimeMax                          0x2000002c   Data           4  os_var.o(.data)
    OSRunning                                0x20000030   Data           1  os_var.o(.data)
    OSFlagDbgListPtr                         0x20000034   Data           4  os_var.o(.data)
    OSFlagQty                                0x20000038   Data           2  os_var.o(.data)
    OSMemDbgListPtr                          0x2000003c   Data           4  os_var.o(.data)
    OSMemQty                                 0x20000040   Data           2  os_var.o(.data)
    OSMsgPool                                0x20000044   Data           8  os_var.o(.data)
    OSMutexDbgListPtr                        0x2000004c   Data           4  os_var.o(.data)
    OSMutexQty                               0x20000050   Data           2  os_var.o(.data)
    OSPrioCur                                0x20000052   Data           1  os_var.o(.data)
    OSPrioHighRdy                            0x20000053   Data           1  os_var.o(.data)
    OSPrioSaved                              0x20000054   Data           1  os_var.o(.data)
    OSQDbgListPtr                            0x20000058   Data           4  os_var.o(.data)
    OSQQty                                   0x2000005c   Data           2  os_var.o(.data)
    OSSchedLockNestingCtr                    0x2000005e   Data           1  os_var.o(.data)
    OSSchedRoundRobinDfltTimeQuanta          0x20000060   Data           4  os_var.o(.data)
    OSSchedRoundRobinEn                      0x20000064   Data           1  os_var.o(.data)
    OSSemDbgListPtr                          0x20000068   Data           4  os_var.o(.data)
    OSSemQty                                 0x2000006c   Data           2  os_var.o(.data)
    OSStatTaskCPUUsage                       0x2000006e   Data           1  os_var.o(.data)
    OSStatTaskCtr                            0x20000070   Data           4  os_var.o(.data)
    OSStatTaskCtrMax                         0x20000074   Data           4  os_var.o(.data)
    OSStatTaskCtrRun                         0x20000078   Data           4  os_var.o(.data)
    OSStatTaskRdy                            0x2000007c   Data           1  os_var.o(.data)
    OSStatTaskTimeMax                        0x20000080   Data           4  os_var.o(.data)
    OSStatResetFlag                          0x20000084   Data           1  os_var.o(.data)
    OSTaskCtxSwCtr                           0x20000088   Data           4  os_var.o(.data)
    OSTaskDbgListPtr                         0x2000008c   Data           4  os_var.o(.data)
    OSTaskQty                                0x20000090   Data           2  os_var.o(.data)
    OSTickCtr                                0x20000094   Data           4  os_var.o(.data)
    OSTickTaskTimeMax                        0x20000098   Data           4  os_var.o(.data)
    OSTmrDbgListPtr                          0x2000009c   Data           4  os_var.o(.data)
    OSTmrQty                                 0x200000a0   Data           2  os_var.o(.data)
    OSTmrTaskTimeMax                         0x200000a4   Data           4  os_var.o(.data)
    OSTmrTickCtr                             0x200000a8   Data           4  os_var.o(.data)
    OSTmrUpdateCnt                           0x200000ac   Data           4  os_var.o(.data)
    OSTmrUpdateCtr                           0x200000b0   Data           4  os_var.o(.data)
    OSTCBCurPtr                              0x200000b4   Data           4  os_var.o(.data)
    OSTCBHighRdyPtr                          0x200000b8   Data           4  os_var.o(.data)
    Math_RandSeedCur                         0x200000bc   Data           4  lib_math.o(.data)
    CPU_TS_TmrFreq_Hz                        0x200000c0   Data           4  cpu_core.o(.data)
    CPU_IntDisMeasCtr                        0x200000c4   Data           2  cpu_core.o(.data)
    CPU_IntDisNestCtr                        0x200000c6   Data           2  cpu_core.o(.data)
    CPU_IntDisMeasStart_cnts                 0x200000c8   Data           4  cpu_core.o(.data)
    CPU_IntDisMeasStop_cnts                  0x200000cc   Data           4  cpu_core.o(.data)
    CPU_IntDisMeasOvrhd_cnts                 0x200000d0   Data           4  cpu_core.o(.data)
    CPU_IntDisMeasMaxCur_cnts                0x200000d4   Data           4  cpu_core.o(.data)
    CPU_IntDisMeasMax_cnts                   0x200000d8   Data           4  cpu_core.o(.data)
    FlagIR                                   0x200000f4   Data           1  app.o(.data)
    SystemCoreClock                          0x200000f8   Data           4  system_stm32f10x.o(.data)
    AHBPrescTable                            0x200000fc   Data          16  system_stm32f10x.o(.data)
    BSP_CPU_ClkFreq_MHz                      0x2000010c   Data           4  bsp.o(.data)
    i                                        0x20000110   Data           1  ds18b20.o(.data)
    k                                        0x20000111   Data           1  ds18b20.o(.data)
    IRCode                                   0x20000120   Data           4  ir.o(.data)
    OSCfg_IdleTaskStk                        0x20000128   Data         512  os_cfg_app.o(.bss)
    OSCfg_ISRStk                             0x20000328   Data         512  os_cfg_app.o(.bss)
    OSCfg_MsgPool                            0x20000528   Data        1600  os_cfg_app.o(.bss)
    OSCfg_StatTaskStk                        0x20000b68   Data         512  os_cfg_app.o(.bss)
    OSCfg_TickTaskStk                        0x20000d68   Data         512  os_cfg_app.o(.bss)
    OSCfg_TickWheel                          0x20000f68   Data         104  os_cfg_app.o(.bss)
    OSCfg_TmrTaskStk                         0x20000fd0   Data         512  os_cfg_app.o(.bss)
    OSCfg_TmrWheel                           0x200011d0   Data         104  os_cfg_app.o(.bss)
    OSIdleTaskTCB                            0x20001238   Data         200  os_var.o(.bss)
    OSRdyList                                0x20001300   Data         384  os_var.o(.bss)
    OSStatTaskTCB                            0x20001480   Data         200  os_var.o(.bss)
    OSTickTaskTCB                            0x20001548   Data         200  os_var.o(.bss)
    OSTmrTaskTCB                             0x20001610   Data         200  os_var.o(.bss)
    CPU_Name                                 0x200016d8   Data          16  cpu_core.o(.bss)
    RegUpdateAllowed                         0x200024d0   Data          40  app.o(.bss)
    SemREG                                   0x200024f8   Data          40  app.o(.bss)



==============================================================================

Memory Map of the image

  Image entry point : Not specified.

  Load Region LR_IROM1 (Base: 0x08000000, Size: 0x0000e258, Max: 0x00020000, ABSOLUTE)

    Execution Region ER_IROM1 (Base: 0x08000000, Size: 0x0000e130, Max: 0x00020000, ABSOLUTE)

    Base Addr    Size         Type   Attr      Idx    E Section Name        Object

    0x08000000   0x00000130   Data   RO          404    RESET               startup_stm32f10x_hd.o
    0x08000130   0x00000020   Code   RO          409    .emb_text           core_cm3.o
    0x08000150   0x00000084   Code   RO            1    .text               os_cpu_a.o
    0x080001d4   0x00000254   Code   RO            6    .text               os_cpu_c.o
    0x08000428   0x000000d0   Code   RO           66    .text               os_cfg_app.o
    0x080004f8   0x00000d64   Code   RO           93    .text               os_core.o
    0x0800125c   0x000001a8   Code   RO          105    .text               os_dbg.o
    0x08001404   0x00000b0c   Code   RO          120    .text               os_flag.o
    0x08001f10   0x0000021c   Code   RO          138    .text               os_mem.o
    0x0800212c   0x00000280   Code   RO          150    .text               os_msg.o
    0x080023ac   0x00000798   Code   RO          162    .text               os_mutex.o
    0x08002b44   0x000002e8   Code   RO          174    .text               os_pend_multi.o
    0x08002e2c   0x0000007c   Code   RO          186    .text               os_prio.o
    0x08002ea8   0x000006ac   Code   RO          205    .text               os_q.o
    0x08003554   0x000006ec   Code   RO          217    .text               os_sem.o
    0x08003c40   0x0000040c   Code   RO          229    .text               os_stat.o
    0x0800404c   0x000012e4   Code   RO          241    .text               os_task.o
    0x08005330   0x00000454   Code   RO          253    .text               os_tick.o
    0x08005784   0x00000498   Code   RO          265    .text               os_time.o
    0x08005c1c   0x000007e0   Code   RO          277    .text               os_tmr.o
    0x080063fc   0x00000256   Code   RO          303    .text               lib_ascii.o
    0x08006652   0x00000002   PAD
    0x08006654   0x00000090   Code   RO          318    .text               lib_math.o
    0x080066e4   0x00000136   Code   RO          336    .text               lib_mem.o
    0x0800681a   0x00000002   PAD
    0x0800681c   0x000008e4   Code   RO          351    .text               lib_str.o
    0x08007100   0x0000002a   Code   RO          368    .text               cpu_a.o
    0x0800712a   0x00000002   PAD
    0x0800712c   0x00000854   Code   RO          371    .text               cpu_c.o
    0x08007980   0x000002b8   Code   RO          383    .text               cpu_core.o
    0x08007c38   0x00000040   Code   RO          405    .text               startup_stm32f10x_hd.o
    0x08007c78   0x000000dc   Code   RO          422    .text               misc.o
    0x08007d54   0x0000044e   Code   RO          517    .text               stm32f10x_adc.o
    0x080081a2   0x00000002   PAD
    0x080081a4   0x000000c4   Code   RO          529    .text               stm32f10x_bkp.o
    0x08008268   0x000009f0   Code   RO          541    .text               stm32f10x_can.o
    0x08008c58   0x00000120   Code   RO          553    .text               stm32f10x_cec.o
    0x08008d78   0x00000048   Code   RO          565    .text               stm32f10x_crc.o
    0x08008dc0   0x0000018c   Code   RO          577    .text               stm32f10x_dac.o
    0x08008f4c   0x00000030   Code   RO          589    .text               stm32f10x_dbgmcu.o
    0x08008f7c   0x00000254   Code   RO          601    .text               stm32f10x_dma.o
    0x080091d0   0x0000011c   Code   RO          613    .text               stm32f10x_exti.o
    0x080092ec   0x000005bc   Code   RO          625    .text               stm32f10x_flash.o
    0x080098a8   0x0000060c   Code   RO          637    .text               stm32f10x_fsmc.o
    0x08009eb4   0x0000035c   Code   RO          649    .text               stm32f10x_gpio.o
    0x0800a210   0x00000404   Code   RO          661    .text               stm32f10x_i2c.o
    0x0800a614   0x00000040   Code   RO          673    .text               stm32f10x_iwdg.o
    0x0800a654   0x000000cc   Code   RO          685    .text               stm32f10x_pwr.o
    0x0800a720   0x000003a4   Code   RO          697    .text               stm32f10x_rcc.o
    0x0800aac4   0x00000148   Code   RO          711    .text               stm32f10x_rtc.o
    0x0800ac0c   0x000001d4   Code   RO          723    .text               stm32f10x_sdio.o
    0x0800ade0   0x0000030c   Code   RO          735    .text               stm32f10x_spi.o
    0x0800b0ec   0x00000e1a   Code   RO          747    .text               stm32f10x_tim.o
    0x0800bf06   0x00000002   PAD
    0x0800bf08   0x00000408   Code   RO          759    .text               stm32f10x_usart.o
    0x0800c310   0x00000088   Code   RO          771    .text               stm32f10x_wwdg.o
    0x0800c398   0x00000478   Code   RO          783    .text               app.o
    0x0800c810   0x0000001a   Code   RO          841    .text               app_vect.o
    0x0800c82a   0x00000002   PAD
    0x0800c82c   0x000000d4   Code   RO          853    .text               os_app_hooks.o
    0x0800c900   0x00000016   Code   RO          868    .text               stm32f10x_it.o
    0x0800c916   0x00000002   PAD
    0x0800c918   0x000001e0   Code   RO          883    .text               system_stm32f10x.o
    0x0800caf8   0x00000040   Code   RO          901    .text               bsp.o
    0x0800cb38   0x0000036c   Code   RO          919    .text               bsp_int.o
    0x0800cea4   0x000000b8   Code   RO          933    .text               bsp_os.o
    0x0800cf5c   0x00000204   Code   RO          948    .text               ds18b20.o
    0x0800d160   0x00000148   Code   RO          964    .text               reg.o
    0x0800d2a8   0x000000a4   Code   RO          978    .text               tim.o
    0x0800d34c   0x00000228   Code   RO          992    .text               iic.o
    0x0800d574   0x000002e8   Code   RO         1004    .text               ir.o
    0x0800d85c   0x000000ee   Code   RO         1022    .text               c_w.l(lludivv7m.o)
    0x0800d94a   0x00000006   Code   RO         1024    .text               c_w.l(heapauxi.o)
    0x0800d950   0x000000c4   Code   RO         1026    x$fpl$fadd          fz_ws.l(faddsub_clz.o)
    0x0800da14   0x00000184   Code   RO         1033    x$fpl$fdiv          fz_ws.l(fdiv.o)
    0x0800db98   0x0000003e   Code   RO         1036    x$fpl$ffixu         fz_ws.l(ffixu.o)
    0x0800dbd6   0x00000002   PAD
    0x0800dbd8   0x00000030   Code   RO         1041    x$fpl$fflt          fz_ws.l(fflt_clz.o)
    0x0800dc08   0x00000102   Code   RO         1046    x$fpl$fmul          fz_ws.l(fmul.o)
    0x0800dd0a   0x0000008c   Code   RO         1052    x$fpl$fnaninf       fz_ws.l(fnaninf.o)
    0x0800dd96   0x0000000a   Code   RO         1054    x$fpl$fretinf       fz_ws.l(fretinf.o)
    0x0800dda0   0x000000ea   Code   RO         1028    x$fpl$fsub          fz_ws.l(faddsub_clz.o)
    0x0800de8a   0x00000000   Code   RO         1056    x$fpl$usenofp       fz_ws.l(usenofp.o)
    0x0800de8a   0x00000002   PAD
    0x0800de8c   0x000000a4   Data   RO           68    .constdata          os_cfg_app.o
    0x0800df30   0x0000016c   Data   RO          106    .constdata          os_dbg.o
    0x0800e09c   0x00000094   Data   RO          352    .constdata          lib_str.o


    Execution Region RW_IRAM1 (Base: 0x20000000, Size: 0x00002c30, Max: 0x00005000, ABSOLUTE)

    Base Addr    Size         Type   Attr      Idx    E Section Name        Object

    0x20000000   0x00000004   Data   RW            7    .data               os_cpu_c.o
    0x20000004   0x00000004   Data   RW          187    .data               os_prio.o
    0x20000008   0x000000b4   Data   RW          290    .data               os_var.o
    0x200000bc   0x00000004   Data   RW          319    .data               lib_math.o
    0x200000c0   0x0000001c   Data   RW          385    .data               cpu_core.o
    0x200000dc   0x00000014   Data   RW          698    .data               stm32f10x_rcc.o
    0x200000f0   0x00000008   Data   RW          785    .data               app.o
    0x200000f8   0x00000014   Data   RW          884    .data               system_stm32f10x.o
    0x2000010c   0x00000004   Data   RW          902    .data               bsp.o
    0x20000110   0x00000002   Data   RW          949    .data               ds18b20.o
    0x20000112   0x00000005   Data   RW          965    .data               reg.o
    0x20000117   0x00000001   PAD
    0x20000118   0x00000002   Data   RW          979    .data               tim.o
    0x2000011a   0x00000002   PAD
    0x2000011c   0x0000000a   Data   RW         1005    .data               ir.o
    0x20000126   0x00000002   PAD
    0x20000128   0x00001110   Zero   RW           67    .bss                os_cfg_app.o
    0x20001238   0x000004a0   Zero   RW          289    .bss                os_var.o
    0x200016d8   0x00000010   Zero   RW          384    .bss                cpu_core.o
    0x200016e8   0x00000e38   Zero   RW          784    .bss                app.o
    0x20002520   0x00000110   Zero   RW          920    .bss                bsp_int.o
    0x20002630   0x00000200   Zero   RW          403    HEAP                startup_stm32f10x_hd.o
    0x20002830   0x00000400   Zero   RW          402    STACK               startup_stm32f10x_hd.o


==============================================================================

Image component sizes


      Code (inc. data)   RO Data    RW Data    ZI Data      Debug   Object Name

      1144        124          0          8       3640       2719   app.o
        26          0          0          0          0       1003   app_vect.o
        64          4          0          4          0       1157   bsp.o
       876          8          0          0        272      10618   bsp_int.o
       184          4          0          0          0       2006   bsp_os.o
        32          0          0          0          0       3372   core_cm3.o
        42          0          0          0          0        256   cpu_a.o
      2132        100          0          0          0       3617   cpu_c.o
       696         38          0         28         16       5718   cpu_core.o
       516         14          0          2          0       2062   ds18b20.o
       552          4          0          0          0       1914   iic.o
       744         58          0         10          0       1924   ir.o
       598          0          0          0          0       3660   lib_ascii.o
       144          8          0          4          0       1692   lib_math.o
       310          0          0          0          0       2379   lib_mem.o
      2276          4        148          0          0      12182   lib_str.o
       220         22          0          0          0     322701   misc.o
       212         28          0          0          0       1625   os_app_hooks.o
       208        136        164          0       4368      18469   os_cfg_app.o
      3428        250          0          0          0      11408   os_core.o
       132         32          0          0          0        328   os_cpu_a.o
       596         60          0          4          0      31303   os_cpu_c.o
       424        280        364          0          0       4579   os_dbg.o
      2828         86          0          0          0       7287   os_flag.o
       540         18          0          0          0       2580   os_mem.o
       640         12          0          0          0       3123   os_msg.o
      1944         82          0          0          0       4922   os_mutex.o
       744         20          0          0          0       2775   os_pend_multi.o
       124          4          0          4          0       1624   os_prio.o
      1708         58          0          0          0       5712   os_q.o
      1772         56          0          0          0       5788   os_sem.o
      1036        102          0          0          0       2273   os_stat.o
      4836        182          0          0          0      11538   os_task.o
      1108         68          0          0          0       3053   os_tick.o
      1176         60          0          0          0       3029   os_time.o
      2016        132          0          0          0       5994   os_tmr.o
         0          0          0        180       1184      16996   os_var.o
       328         30          0          5          0       1982   reg.o
        64         26        304          0       1536        824   startup_stm32f10x_hd.o
      1102         26          0          0          0      10761   stm32f10x_adc.o
       196          8          0          0          0       3388   stm32f10x_bkp.o
      2544         38          0          0          0       7784   stm32f10x_can.o
       288         14          0          0          0       3539   stm32f10x_cec.o
        72          4          0          0          0       1638   stm32f10x_crc.o
       396          6          0          0          0       3574   stm32f10x_dac.o
        48          4          0          0          0        828   stm32f10x_dbgmcu.o
       596          8          0          0          0       4254   stm32f10x_dma.o
       284         10          0          0          0       2163   stm32f10x_exti.o
      1468         34          0          0          0       7954   stm32f10x_flash.o
      1548         18          0          0          0       5275   stm32f10x_fsmc.o
       860         38          0          0          0       5577   stm32f10x_gpio.o
      1028         16          0          0          0       9031   stm32f10x_i2c.o
        22          0          0          0          0        995   stm32f10x_it.o
        64          6          0          0          0       1229   stm32f10x_iwdg.o
       204         14          0          0          0       1883   stm32f10x_pwr.o
       932         36          0         20          0       8712   stm32f10x_rcc.o
       328          4          0          0          0       2630   stm32f10x_rtc.o
       468         22          0          0          0       7016   stm32f10x_sdio.o
       780         14          0          0          0       6454   stm32f10x_spi.o
      3610         88          0          0          0      22060   stm32f10x_tim.o
      1032         22          0          0          0       8296   stm32f10x_usart.o
       136         10          0          0          0       2220   stm32f10x_wwdg.o
       480         38          0         20          0       1731   system_stm32f10x.o
       164          4          0          2          0        926   tim.o

    ----------------------------------------------------------------------
     55084       2592        980        296      11016     656110   Object Totals
         0          0          0          0          0          0   (incl. Generated)
        14          0          0          5          0          0   (incl. Padding)

    ----------------------------------------------------------------------

      Code (inc. data)   RO Data    RW Data    ZI Data      Debug   Library Member Name

         6          0          0          0          0        152   heapauxi.o
       238          0          0          0          0        100   lludivv7m.o
       430          8          0          0          0        168   faddsub_clz.o
       388         76          0          0          0         96   fdiv.o
        62          4          0          0          0         84   ffixu.o
        48          0          0          0          0         68   fflt_clz.o
       258          4          0          0          0         84   fmul.o
       140          4          0          0          0         84   fnaninf.o
        10          0          0          0          0         68   fretinf.o
         0          0          0          0          0          0   usenofp.o

    ----------------------------------------------------------------------
      1584         96          0          0          0        904   Library Totals
         4          0          0          0          0          0   (incl. Padding)

    ----------------------------------------------------------------------

      Code (inc. data)   RO Data    RW Data    ZI Data      Debug   Library Name

       244          0          0          0          0        252   c_w.l
      1336         96          0          0          0        652   fz_ws.l

    ----------------------------------------------------------------------
      1584         96          0          0          0        904   Library Totals

    ----------------------------------------------------------------------

==============================================================================


      Code (inc. data)   RO Data    RW Data    ZI Data      Debug   

     56668       2688        980        296      11016     649370   Grand Totals
     56668       2688        980        296      11016     649370   ELF Image Totals
     56668       2688        980        296          0          0   ROM Totals

==============================================================================

    Total RO  Size (Code + RO Data)                57648 (  56.30kB)
    Total RW  Size (RW Data + ZI Data)             11312 (  11.05kB)
    Total ROM Size (Code + RO Data + RW Data)      57944 (  56.59kB)

==============================================================================

