<html>
<body>
<pre>
<h1>µVision Build Log</h1>
<h2>Project:</h2>
E:\Workspace\AlarmClock\gamma\Template.uvproj
Project File Date:  05/25/2014

<h2>Output:</h2>
Build target 'Template'
compiling main.c...
linking...
Program Size: Code=9240 RO-data=268 RW-data=76 ZI-data=1028  
FromELF: creating hex file...
".\KeilMDK\Template.axf" - 0 Error(s), 0 Warning(s).
Load "E:\\Workspace\\AlarmClock\\gamma\\KeilMDK\\Template.axf" 
Erase Done.
Programming Done.
Verify OK.
Application running ...
</pre>
</body>
</html>
plication running ...
DK\\Template.axf" 
Erase Done.
Programming Done.
Verify OK.
Application running ...
mming Done.
Verify OK.
Application running ...
eilMDK\Template.axf" - 1 Error(s), 2 Warning(s).
Target not created
piling sRTC.c...
compiling TIM.c...
compiling task.c...
APP\task.c(7): warning:  #550-D: variable "PT_YIELD_FLAG" was set but never used
        PT_BEGIN(pt);
APP\task.c(5): warning:  #177-D: function "task_clock" was declared but never referenced
  static int task_clock(struct pt *pt)
APP\task.c: 2 warnings, 0 errors
".\KeilMDK\Template.axf" - 1 Error(s), 3 Warning(s).
Target not created
get (referred from srtc.o).
Not enough information to list image symbols.
Finished: 1 information, 0 warning and 1 error messages.
".\KeilMDK\Template.axf" - 1 Error(s), 4 Warning(s).
Target not created
iling stm32f10x_iwdg.c...
compiling stm32f10x_pwr.c...
compiling stm32f10x_rcc.c...
compiling stm32f10x_rtc.c...
compiling stm32f10x_sdio.c...
compiling stm32f10x_spi.c...
compiling stm32f10x_tim.c...
compiling stm32f10x_usart.c...
compiling stm32f10x_wwdg.c...
compiling system_stm32f10x.c...
".\KeilMDK\Template.axf" - 2 Error(s), 1 Warning(s).
Target not created
eed_50MHz;
APP\AM2302.c(71): warning:  #223-D: function "GPIO_Init" declared implicitly
        GPIO_Init(AM2302_PORT,&usrGPIO);
APP\AM2302.c: 7 warnings, 6 errors
compiling IIC.c...
APP\IIC.c(26): warning:  #223-D: function "GPIO_SetBits" declared implicitly
    SDA_H; 
APP\IIC.c(26): error:  #20: identifier "GPIO_Pin_7" is undefined
    SDA_H; 
APP\IIC.c(28): error:  #20: identifier "GPIO_Pin_6" is undefined
    SCL_H; 
APP\IIC.c(30): warning:  #223-D: function "GPIO_ResetBits" declared implicitly
    SDA_L; 
APP\IIC.c(38): warning:  #223-D: function "GPIO_ResetBits" declared implicitly
    SCL_L; 
APP\IIC.c(38): error:  #20: identifier "GPIO_Pin_6" is undefined
    SCL_L; 
APP\IIC.c(40): error:  #20: identifier "GPIO_Pin_7" is undefined
    SDA_L; 
APP\IIC.c(42): warning:  #223-D: function "GPIO_SetBits" declared implicitly
    SCL_H; 
APP\IIC.c(53): warning:  #223-D: function "GPIO_ResetBits" declared implicitly
      SCL_L;
APP\IIC.c(53): error:  #20: identifier "GPIO_Pin_6" is undefined
      SCL_L;
APP\IIC.c(56): warning:  #223-D: function "GPIO_SetBits" declared implicitly
        SDA_H;
APP\IIC.c(56): error:  #20: identifier "GPIO_Pin_7" is undefined
        SDA_H;
APP\IIC.c(64): warning:  #223-D: function "GPIO_ResetBits" declared implicitly
    SCL_L;
APP\IIC.c(64): error:  #20: identifier "GPIO_Pin_6" is undefined
    SCL_L;
APP\IIC.c(72): warning:  #223-D: function "GPIO_SetBits" declared implicitly
    SDA_H; 
APP\IIC.c(72): error:  #20: identifier "GPIO_Pin_7" is undefined
    SDA_H; 
APP\IIC.c(76): warning:  #223-D: function "GPIO_ResetBits" declared implicitly
      SCL_L; 
APP\IIC.c(76): error:  #20: identifier "GPIO_Pin_6" is undefined
      SCL_L; 
APP\IIC.c(80): warning:  #223-D: function "GPIO_ReadInputDataBit" declared implicitly
      if(SDA_Read) 
APP\IIC.c(83): warning:  #223-D: function "GPIO_ResetBits" declared implicitly
    SCL_L; 
APP\IIC.c(83): error:  #20: identifier "GPIO_Pin_6" is undefined
    SCL_L; 
APP\IIC.c(89): warning:  #223-D: function "GPIO_ResetBits" declared implicitly
    SCL_L; 
APP\IIC.c(89): error:  #20: identifier "GPIO_Pin_6" is undefined
    SCL_L; 
APP\IIC.c(91): warning:  #223-D: function "GPIO_SetBits" declared implicitly
    SDA_H; 
APP\IIC.c(91): error:  #20: identifier "GPIO_Pin_7" is undefined
    SDA_H; 
APP\IIC.c(95): warning:  #223-D: function "GPIO_ReadInputDataBit" declared implicitly
    if(SDA_Read) 
APP\IIC.c(112): error:  #20: identifier "GPIO_InitTypeDef" is undefined
    GPIO_InitTypeDef usrGPIO;
APP\IIC.c(114): warning:  #223-D: function "RCC_APB2PeriphClockCmd" declared implicitly
    RCC_APB2PeriphClockCmd(IIC_GPIO_CLK,ENABLE);
APP\IIC.c(114): error:  #20: identifier "RCC_APB2Periph_GPIOB" is undefined
    RCC_APB2PeriphClockCmd(IIC_GPIO_CLK,ENABLE);
APP\IIC.c(116): error:  #20: identifier "GPIO_Mode_Out_OD" is undefined
    usrGPIO.GPIO_Mode = GPIO_Mode_Out_OD;
APP\IIC.c(117): error:  #20: identifier "GPIO_Pin_6" is undefined
    usrGPIO.GPIO_Pin = IIC_SCL | IIC_SDA;
APP\IIC.c(117): error:  #20: identifier "GPIO_Pin_7" is undefined
    usrGPIO.GPIO_Pin = IIC_SCL | IIC_SDA;
APP\IIC.c(118): error:  #20: identifier "GPIO_Speed_50MHz" is undefined
    usrGPIO.GPIO_Speed = GPIO_Speed_50MHz;
APP\IIC.c(119): warning:  #223-D: function "GPIO_Init" declared implicitly
    GPIO_Init(IIC_PORT,&usrGPIO);
APP\IIC.c: 16 warnings, 18 errors
compiling IR.c...
APP\IR.c(2): error:  #5: cannot open source input file "rtthread.h": No such file or directory
  #include <rtthread.h>
APP\IR.c: 0 warnings, 1 error
compiling REG2.c...
APP\REG2.c(17): warning:  #223-D: function "GPIO_SetBits" declared implicitly
                                GPIO_SetBits(GPIOx,SDA);
APP\REG2.c(19): warning:  #223-D: function "GPIO_ResetBits" declared implicitly
                                GPIO_ResetBits(GPIOx,SDA);
APP\REG2.c(28): warning:  #223-D: function "GPIO_SetBits" declared implicitly
                                GPIO_SetBits(GPIOx,SDA);
APP\REG2.c(30): warning:  #223-D: function "GPIO_ResetBits" declared implicitly
                                GPIO_ResetBits(GPIOx,SDA);
APP\REG2.c(43): error:  #20: identifier "GPIO_InitTypeDef" is undefined
        GPIO_InitTypeDef usrGPIO;
APP\REG2.c(44): error:  #20: identifier "GPIO_Mode_Out_OD" is undefined
        usrGPIO.GPIO_Mode = GPIO_Mode_Out_OD;
APP\REG2.c(45): error:  #20: identifier "GPIO_Pin_10" is undefined
        usrGPIO.GPIO_Pin = REG2_DIN | REG2_CLK | REG2_nCS;
APP\REG2.c(45): error:  #20: identifier "GPIO_Pin_12" is undefined
        usrGPIO.GPIO_Pin = REG2_DIN | REG2_CLK | REG2_nCS;
APP\REG2.c(45): error:  #20: identifier "GPIO_Pin_11" is undefined
        usrGPIO.GPIO_Pin = REG2_DIN | REG2_CLK | REG2_nCS;
APP\REG2.c(46): error:  #20: identifier "GPIO_Speed_10MHz" is undefined
        usrGPIO.GPIO_Speed = GPIO_Speed_10MHz;
APP\REG2.c(47): warning:  #223-D: function "GPIO_Init" declared implicitly
        GPIO_Init(REG2_PORT,&usrGPIO);
APP\REG2.c(48): warning:  #223-D: function "GPIO_SetBits" declared implicitly
        GPIO_SetBits(REG2_PORT,REG2_nCS);
APP\REG2.c(75): warning:  #223-D: function "GPIO_ResetBits" declared implicitly
        GPIO_ResetBits(REG2_PORT,REG2_nCS);
APP\REG2.c(75): error:  #20: identifier "GPIO_Pin_11" is undefined
        GPIO_ResetBits(REG2_PORT,REG2_nCS);
APP\REG2.c(80): error:  #20: identifier "GPIO_Pin_10" is undefined
                        ShiftOut(REG2_PORT,REG2_DIN,REG2_CLK,MSBFIRST,REG);
APP\REG2.c(80): error:  #20: identifier "GPIO_Pin_12" is undefined
                        ShiftOut(REG2_PORT,REG2_DIN,REG2_CLK,MSBFIRST,REG);
APP\REG2.c(81): warning:  #1256-D: "uint8_t" would have been promoted to "int" when passed through the ellipsis parameter; use the latter type instead
                        ShiftOut(REG2_PORT,REG2_DIN,REG2_CLK,MSBFIRST,va_arg(arg,uint8_t));
APP\REG2.c(83): error:  #20: identifier "GPIO_Pin_10" is undefined
                        ShiftOut(REG2_PORT,REG2_DIN,REG2_CLK,MSBFIRST,REG_NONE);
APP\REG2.c(83): error:  #20: identifier "GPIO_Pin_12" is undefined
                        ShiftOut(REG2_PORT,REG2_DIN,REG2_CLK,MSBFIRST,REG_NONE);
APP\REG2.c(87): warning:  #223-D: function "GPIO_SetBits" declared implicitly
        GPIO_SetBits(REG2_PORT,REG2_nCS);
APP\REG2.c: 9 warnings, 11 errors
compiling sRTC.c...
APP\sRTC.c(2): error:  #5: cannot open source input file "rtthread.h": No such file or directory
  #include <rtthread.h>
APP\sRTC.c: 0 warnings, 1 error
compiling TIM.c...
APP\TIM.c(6): warning:  #223-D: function "TIM_GetCounter" declared implicitly
    t=TIM_GetCounter(TIM3);
APP\TIM.c(13): error:  #20: identifier "TIM_TimeBaseInitTypeDef" is undefined
    TIM_TimeBaseInitTypeDef usrTIM;
APP\TIM.c(15): warning:  #223-D: function "RCC_APB1PeriphClockCmd" declared implicitly
    RCC_APB1PeriphClockCmd(RCC_APB1Periph_TIM4,ENABLE);
APP\TIM.c(15): error:  #20: identifier "RCC_APB1Periph_TIM4" is undefined
    RCC_APB1PeriphClockCmd(RCC_APB1Periph_TIM4,ENABLE);
APP\TIM.c(17): error:  #20: identifier "TIM_CKD_DIV1" is undefined
    usrTIM.TIM_ClockDivision = TIM_CKD_DIV1;
APP\TIM.c(18): error:  #20: identifier "TIM_CounterMode_Up" is undefined
    usrTIM.TIM_CounterMode = TIM_CounterMode_Up;
APP\TIM.c(21): warning:  #223-D: function "TIM_TimeBaseInit" declared implicitly
    TIM_TimeBaseInit(TIM4,&usrTIM);
APP\TIM.c(22): warning:  #223-D: function "TIM_Cmd" declared implicitly
    TIM_Cmd(TIM4,ENABLE);
APP\TIM.c(28): error:  #20: identifier "GPIO_InitTypeDef" is undefined
        GPIO_InitTypeDef usrGPIO;
APP\TIM.c(29): error:  #20: identifier "TIM_TimeBaseInitTypeDef" is undefined
        TIM_TimeBaseInitTypeDef usrTIMBase;
APP\TIM.c(30): error:  #20: identifier "TIM_OCInitTypeDef" is undefined
        TIM_OCInitTypeDef usrTIMOC;
APP\TIM.c(32): warning:  #223-D: function "RCC_APB2PeriphClockCmd" declared implicitly
        RCC_APB2PeriphClockCmd(RCC_APB2Periph_GPIOA,ENABLE);
APP\TIM.c(32): error:  #20: identifier "RCC_APB2Periph_GPIOA" is undefined
        RCC_APB2PeriphClockCmd(RCC_APB2Periph_GPIOA,ENABLE);
APP\TIM.c(33): warning:  #223-D: function "RCC_APB1PeriphClockCmd" declared implicitly
        RCC_APB1PeriphClockCmd(RCC_APB1Periph_TIM2,ENABLE);
APP\TIM.c(33): error:  #20: identifier "RCC_APB1Periph_TIM2" is undefined
        RCC_APB1PeriphClockCmd(RCC_APB1Periph_TIM2,ENABLE);
APP\TIM.c(35): error:  #20: identifier "GPIO_Mode_AF_OD" is undefined
        usrGPIO.GPIO_Mode = GPIO_Mode_AF_OD;
APP\TIM.c(36): error:  #20: identifier "GPIO_Pin_1" is undefined
        usrGPIO.GPIO_Pin = GPIO_Pin_1 | GPIO_Pin_2 | GPIO_Pin_3;
APP\TIM.c(36): error:  #20: identifier "GPIO_Pin_2" is undefined
        usrGPIO.GPIO_Pin = GPIO_Pin_1 | GPIO_Pin_2 | GPIO_Pin_3;
APP\TIM.c(36): error:  #20: identifier "GPIO_Pin_3" is undefined
        usrGPIO.GPIO_Pin = GPIO_Pin_1 | GPIO_Pin_2 | GPIO_Pin_3;
APP\TIM.c(37): error:  #20: identifier "GPIO_Speed_2MHz" is undefined
        usrGPIO.GPIO_Speed = GPIO_Speed_2MHz;
APP\TIM.c(38): warning:  #223-D: function "GPIO_Init" declared implicitly
        GPIO_Init(GPIOA,&usrGPIO);
APP\TIM.c(40): error:  #20: identifier "TIM_CKD_DIV1" is undefined
        usrTIMBase.TIM_ClockDivision = TIM_CKD_DIV1;
APP\TIM.c(41): error:  #20: identifier "TIM_CounterMode_Up" is undefined
        usrTIMBase.TIM_CounterMode = TIM_CounterMode_Up;
APP\TIM.c(45): warning:  #223-D: function "TIM_TimeBaseInit" declared implicitly
        TIM_TimeBaseInit(TIM2,&usrTIMBase);
APP\TIM.c(47): error:  #20: identifier "TIM_OCMode_PWM1" is undefined
        usrTIMOC.TIM_OCMode = TIM_OCMode_PWM1;
APP\TIM.c(48): error:  #20: identifier "TIM_OCIdleState_Set" is undefined
        usrTIMOC.TIM_OCIdleState = TIM_OCIdleState_Set;
APP\TIM.c(49): error:  #20: identifier "TIM_OCPolarity_Low" is undefined
        usrTIMOC.TIM_OCPolarity = TIM_OCPolarity_Low;
APP\TIM.c(50): error:  #20: identifier "TIM_OutputState_Enable" is undefined
        usrTIMOC.TIM_OutputState = TIM_OutputState_Enable;
APP\TIM.c(52): warning:  #223-D: function "TIM_OC2Init" declared implicitly
        TIM_OC2Init(TIM2,&usrTIMOC);
APP\TIM.c(54): warning:  #223-D: function "TIM_OC2PreloadConfig" declared implicitly
        TIM_OC2PreloadConfig(TIM2,TIM_OCPreload_Enable);
APP\TIM.c(54): error:  #20: identifier "TIM_OCPreload_Enable" is undefined
        TIM_OC2PreloadConfig(TIM2,TIM_OCPreload_Enable);
APP\TIM.c(55): warning:  #223-D: function "TIM_SetCompare2" declared implicitly
        TIM_SetCompare2(TIM2,255);
APP\TIM.c(56): warning:  #223-D: function "TIM_OC3Init" declared implicitly
        TIM_OC3Init(TIM2,&usrTIMOC);
APP\TIM.c(57): warning:  #223-D: function "TIM_OC3PreloadConfig" declared implicitly
        TIM_OC3PreloadConfig(TIM2,TIM_OCPreload_Enable);
APP\TIM.c(58): warning:  #223-D: function "TIM_SetCompare3" declared implicitly
        TIM_SetCompare3(TIM2,40);
APP\TIM.c(59): warning:  #223-D: function "TIM_OC4Init" declared implicitly
        TIM_OC4Init(TIM2,&usrTIMOC);
APP\TIM.c(60): warning:  #223-D: function "TIM_OC4PreloadConfig" declared implicitly
        TIM_OC4PreloadConfig(TIM2,TIM_OCPreload_Enable);
APP\TIM.c(61): warning:  #223-D: function "TIM_SetCompare4" declared implicitly
        TIM_SetCompare4(TIM2,0);
APP\TIM.c(63): warning:  #223-D: function "TIM_Cmd" declared implicitly
        TIM_Cmd(TIM2,ENABLE);
APP\TIM.c: 18 warnings, 21 errors
".\KeilMDK\Template.axf" - 58 Error(s), 51 Warning(s).
Target not created
