Product: MDK-ARM Standard 5.10
Component: ARM Compiler 5.04 update 1 (build 49)
Tool: armlink [5040049]

==============================================================================

Section Cross References

    main.o(.text) refers to stm32f10x_rcc.o(.text) for RCC_APB2PeriphClockCmd
    main.o(.text) refers to tim.o(.text) for cfgTIM2
    main.o(.text) refers to iic.o(.text) for IIC_Init
    main.o(.text) refers to ir.o(.text) for IR_Init
    main.o(.text) refers to reg2.o(.text) for REG2_Init
    main.o(.text) refers to task.o(.text) for task_clock
    main.o(.text) refers to main.o(.data) for pt_clock
    main.o(.text) refers to system_stm32f10x.o(.data) for SystemCoreClock
    stm32f10x_it.o(.text) refers to main.o(.text) for fnScheduler
    stm32f10x_it.o(.text) refers to main.o(.data) for SYS_TICK
    am2302.o(.text) refers to stm32f10x_gpio.o(.text) for GPIO_ReadInputDataBit
    am2302.o(.text) refers to stm32f10x_tim.o(.text) for TIM_GetCounter
    am2302.o(.text) refers to tim.o(.text) for Delay_us
    iic.o(.text) refers to stm32f10x_gpio.o(.text) for GPIO_SetBits
    iic.o(.text) refers to stm32f10x_rcc.o(.text) for RCC_APB2PeriphClockCmd
    ir.o(.text) refers to misc.o(.text) for NVIC_Init
    ir.o(.text) refers to stm32f10x_exti.o(.text) for EXTI_Init
    ir.o(.text) refers to stm32f10x_gpio.o(.text) for GPIO_Init
    ir.o(.text) refers to stm32f10x_tim.o(.text) for TIM_GetCounter
    ir.o(.text) refers to ir.o(.data) for LastTS
    reg2.o(.text) refers to stm32f10x_gpio.o(.text) for GPIO_SetBits
    reg2.o(.text) refers to reg2.o(.data) for REG_NUM
    srtc.o(.text) refers to system_stm32f10x.o(.data) for SystemCoreClock
    srtc.o(.text) refers to main.o(.data) for SYS_TICK
    tim.o(.text) refers to stm32f10x_tim.o(.text) for TIM_GetCounter
    tim.o(.text) refers to stm32f10x_rcc.o(.text) for RCC_APB1PeriphClockCmd
    tim.o(.text) refers to stm32f10x_gpio.o(.text) for GPIO_Init
    tim.o(.text) refers to system_stm32f10x.o(.data) for SystemCoreClock
    tim.o(.text) refers to main.o(.data) for SYS_TICK
    task.o(.text) refers to iic.o(.text) for IIC_Read
    task.o(.text) refers to reg2.o(.text) for PushREG
    task.o(.text) refers to tim.o(.text) for millis
    task.o(.text) refers to task.o(.data) for Y
    stm32f10x_adc.o(.text) refers to stm32f10x_rcc.o(.text) for RCC_APB2PeriphResetCmd
    stm32f10x_bkp.o(.text) refers to stm32f10x_rcc.o(.text) for RCC_BackupResetCmd
    stm32f10x_can.o(.text) refers to stm32f10x_rcc.o(.text) for RCC_APB1PeriphResetCmd
    stm32f10x_cec.o(.text) refers to stm32f10x_rcc.o(.text) for RCC_APB1PeriphResetCmd
    stm32f10x_dac.o(.text) refers to stm32f10x_rcc.o(.text) for RCC_APB1PeriphResetCmd
    stm32f10x_gpio.o(.text) refers to stm32f10x_rcc.o(.text) for RCC_APB2PeriphResetCmd
    stm32f10x_i2c.o(.text) refers to stm32f10x_rcc.o(.text) for RCC_APB1PeriphResetCmd
    stm32f10x_pwr.o(.text) refers to stm32f10x_rcc.o(.text) for RCC_APB1PeriphResetCmd
    stm32f10x_rcc.o(.text) refers to stm32f10x_rcc.o(.data) for APBAHBPrescTable
    stm32f10x_spi.o(.text) refers to stm32f10x_rcc.o(.text) for RCC_APB2PeriphResetCmd
    stm32f10x_tim.o(.text) refers to stm32f10x_rcc.o(.text) for RCC_APB2PeriphResetCmd
    stm32f10x_usart.o(.text) refers to stm32f10x_rcc.o(.text) for RCC_APB2PeriphResetCmd
    stm32f10x_wwdg.o(.text) refers to stm32f10x_rcc.o(.text) for RCC_APB1PeriphResetCmd
    system_stm32f10x.o(.text) refers to system_stm32f10x.o(.data) for SystemCoreClock
    startup_stm32f10x_md.o(RESET) refers to startup_stm32f10x_md.o(STACK) for __initial_sp
    startup_stm32f10x_md.o(RESET) refers to startup_stm32f10x_md.o(.text) for Reset_Handler
    startup_stm32f10x_md.o(RESET) refers to stm32f10x_it.o(.text) for NMI_Handler
    startup_stm32f10x_md.o(RESET) refers to ir.o(.text) for EXTI15_10_IRQHandler
    startup_stm32f10x_md.o(.text) refers to system_stm32f10x.o(.text) for SystemInit
    startup_stm32f10x_md.o(.text) refers to entry.o(.ARM.Collect$$$$00000000) for __main
    entry.o(.ARM.Collect$$$$00000000) refers (Special) to entry10a.o(.ARM.Collect$$$$0000000D) for __rt_final_cpp
    entry.o(.ARM.Collect$$$$00000000) refers (Special) to entry11a.o(.ARM.Collect$$$$0000000F) for __rt_final_exit
    entry.o(.ARM.Collect$$$$00000000) refers (Special) to entry7b.o(.ARM.Collect$$$$00000008) for _main_clock
    entry.o(.ARM.Collect$$$$00000000) refers (Special) to entry8b.o(.ARM.Collect$$$$0000000A) for _main_cpp_init
    entry.o(.ARM.Collect$$$$00000000) refers (Special) to entry9a.o(.ARM.Collect$$$$0000000B) for _main_init
    entry.o(.ARM.Collect$$$$00000000) refers (Special) to entry5.o(.ARM.Collect$$$$00000004) for _main_scatterload
    entry.o(.ARM.Collect$$$$00000000) refers (Special) to entry2.o(.ARM.Collect$$$$00000001) for _main_stk
    entry2.o(.ARM.Collect$$$$00000001) refers to entry2.o(.ARM.Collect$$$$00002712) for __lit__00000000
    entry2.o(.ARM.Collect$$$$00002712) refers to startup_stm32f10x_md.o(STACK) for __initial_sp
    entry2.o(__vectab_stack_and_reset_area) refers to startup_stm32f10x_md.o(STACK) for __initial_sp
    entry2.o(__vectab_stack_and_reset_area) refers to entry.o(.ARM.Collect$$$$00000000) for __main
    entry5.o(.ARM.Collect$$$$00000004) refers to init.o(.text) for __scatterload
    entry9a.o(.ARM.Collect$$$$0000000B) refers to main.o(.text) for main
    entry9b.o(.ARM.Collect$$$$0000000C) refers to main.o(.text) for main
    init.o(.text) refers to entry5.o(.ARM.Collect$$$$00000004) for __main_after_scatterload


==============================================================================

Removing Unused input sections from the image.

    Removing am2302.o(.text), (380 bytes).
    Removing srtc.o(.text), (252 bytes).
    Removing stm32f10x_adc.o(.text), (1102 bytes).
    Removing stm32f10x_bkp.o(.text), (196 bytes).
    Removing stm32f10x_can.o(.text), (2544 bytes).
    Removing stm32f10x_cec.o(.text), (288 bytes).
    Removing stm32f10x_crc.o(.text), (72 bytes).
    Removing stm32f10x_dac.o(.text), (396 bytes).
    Removing stm32f10x_dbgmcu.o(.text), (48 bytes).
    Removing stm32f10x_dma.o(.text), (596 bytes).
    Removing stm32f10x_flash.o(.text), (1468 bytes).
    Removing stm32f10x_fsmc.o(.text), (1548 bytes).
    Removing stm32f10x_i2c.o(.text), (1028 bytes).
    Removing stm32f10x_iwdg.o(.text), (64 bytes).
    Removing stm32f10x_pwr.o(.text), (204 bytes).
    Removing stm32f10x_rtc.o(.text), (328 bytes).
    Removing stm32f10x_sdio.o(.text), (468 bytes).
    Removing stm32f10x_spi.o(.text), (780 bytes).
    Removing stm32f10x_usart.o(.text), (1032 bytes).
    Removing stm32f10x_wwdg.o(.text), (136 bytes).
    Removing core_cm3.o(.emb_text), (32 bytes).
    Removing startup_stm32f10x_md.o(HEAP), (512 bytes).

22 unused section(s) (total 13474 bytes) removed from the image.

==============================================================================

Image Symbol Table

    Local Symbols

    Symbol Name                              Value     Ov Type        Size  Object(Section)

    ../clib/microlib/init/entry.s            0x00000000   Number         0  entry10b.o ABSOLUTE
    ../clib/microlib/init/entry.s            0x00000000   Number         0  entry.o ABSOLUTE
    ../clib/microlib/init/entry.s            0x00000000   Number         0  entry10a.o ABSOLUTE
    ../clib/microlib/init/entry.s            0x00000000   Number         0  entry5.o ABSOLUTE
    ../clib/microlib/init/entry.s            0x00000000   Number         0  entry9b.o ABSOLUTE
    ../clib/microlib/init/entry.s            0x00000000   Number         0  entry9a.o ABSOLUTE
    ../clib/microlib/init/entry.s            0x00000000   Number         0  entry2.o ABSOLUTE
    ../clib/microlib/init/entry.s            0x00000000   Number         0  entry8b.o ABSOLUTE
    ../clib/microlib/init/entry.s            0x00000000   Number         0  entry8a.o ABSOLUTE
    ../clib/microlib/init/entry.s            0x00000000   Number         0  entry7b.o ABSOLUTE
    ../clib/microlib/init/entry.s            0x00000000   Number         0  entry11b.o ABSOLUTE
    ../clib/microlib/init/entry.s            0x00000000   Number         0  entry11a.o ABSOLUTE
    ../clib/microlib/init/entry.s            0x00000000   Number         0  entry7a.o ABSOLUTE
    APP\AM2302.c                             0x00000000   Number         0  am2302.o ABSOLUTE
    APP\IIC.c                                0x00000000   Number         0  iic.o ABSOLUTE
    APP\IR.c                                 0x00000000   Number         0  ir.o ABSOLUTE
    APP\REG2.c                               0x00000000   Number         0  reg2.o ABSOLUTE
    APP\TIM.c                                0x00000000   Number         0  tim.o ABSOLUTE
    APP\main.c                               0x00000000   Number         0  main.o ABSOLUTE
    APP\sRTC.c                               0x00000000   Number         0  srtc.o ABSOLUTE
    APP\stm32f10x_it.c                       0x00000000   Number         0  stm32f10x_it.o ABSOLUTE
    APP\task.c                               0x00000000   Number         0  task.o ABSOLUTE
    BSP\src\misc.c                           0x00000000   Number         0  misc.o ABSOLUTE
    BSP\src\stm32f10x_adc.c                  0x00000000   Number         0  stm32f10x_adc.o ABSOLUTE
    BSP\src\stm32f10x_bkp.c                  0x00000000   Number         0  stm32f10x_bkp.o ABSOLUTE
    BSP\src\stm32f10x_can.c                  0x00000000   Number         0  stm32f10x_can.o ABSOLUTE
    BSP\src\stm32f10x_cec.c                  0x00000000   Number         0  stm32f10x_cec.o ABSOLUTE
    BSP\src\stm32f10x_crc.c                  0x00000000   Number         0  stm32f10x_crc.o ABSOLUTE
    BSP\src\stm32f10x_dac.c                  0x00000000   Number         0  stm32f10x_dac.o ABSOLUTE
    BSP\src\stm32f10x_dbgmcu.c               0x00000000   Number         0  stm32f10x_dbgmcu.o ABSOLUTE
    BSP\src\stm32f10x_dma.c                  0x00000000   Number         0  stm32f10x_dma.o ABSOLUTE
    BSP\src\stm32f10x_exti.c                 0x00000000   Number         0  stm32f10x_exti.o ABSOLUTE
    BSP\src\stm32f10x_flash.c                0x00000000   Number         0  stm32f10x_flash.o ABSOLUTE
    BSP\src\stm32f10x_fsmc.c                 0x00000000   Number         0  stm32f10x_fsmc.o ABSOLUTE
    BSP\src\stm32f10x_gpio.c                 0x00000000   Number         0  stm32f10x_gpio.o ABSOLUTE
    BSP\src\stm32f10x_i2c.c                  0x00000000   Number         0  stm32f10x_i2c.o ABSOLUTE
    BSP\src\stm32f10x_iwdg.c                 0x00000000   Number         0  stm32f10x_iwdg.o ABSOLUTE
    BSP\src\stm32f10x_pwr.c                  0x00000000   Number         0  stm32f10x_pwr.o ABSOLUTE
    BSP\src\stm32f10x_rcc.c                  0x00000000   Number         0  stm32f10x_rcc.o ABSOLUTE
    BSP\src\stm32f10x_rtc.c                  0x00000000   Number         0  stm32f10x_rtc.o ABSOLUTE
    BSP\src\stm32f10x_sdio.c                 0x00000000   Number         0  stm32f10x_sdio.o ABSOLUTE
    BSP\src\stm32f10x_spi.c                  0x00000000   Number         0  stm32f10x_spi.o ABSOLUTE
    BSP\src\stm32f10x_tim.c                  0x00000000   Number         0  stm32f10x_tim.o ABSOLUTE
    BSP\src\stm32f10x_usart.c                0x00000000   Number         0  stm32f10x_usart.o ABSOLUTE
    BSP\src\stm32f10x_wwdg.c                 0x00000000   Number         0  stm32f10x_wwdg.o ABSOLUTE
    CMSIS\\core_cm3.c                        0x00000000   Number         0  core_cm3.o ABSOLUTE
    CMSIS\core_cm3.c                         0x00000000   Number         0  core_cm3.o ABSOLUTE
    CMSIS\startup\arm\startup_stm32f10x_md.s 0x00000000   Number         0  startup_stm32f10x_md.o ABSOLUTE
    CMSIS\system_stm32f10x.c                 0x00000000   Number         0  system_stm32f10x.o ABSOLUTE
    dc.s                                     0x00000000   Number         0  dc.o ABSOLUTE
    handlers.s                               0x00000000   Number         0  handlers.o ABSOLUTE
    init.s                                   0x00000000   Number         0  init.o ABSOLUTE
    RESET                                    0x08000000   Section      236  startup_stm32f10x_md.o(RESET)
    .ARM.Collect$$$$00000000                 0x080000ec   Section        0  entry.o(.ARM.Collect$$$$00000000)
    .ARM.Collect$$$$00000001                 0x080000ec   Section        4  entry2.o(.ARM.Collect$$$$00000001)
    .ARM.Collect$$$$00000004                 0x080000f0   Section        4  entry5.o(.ARM.Collect$$$$00000004)
    .ARM.Collect$$$$00000008                 0x080000f4   Section        0  entry7b.o(.ARM.Collect$$$$00000008)
    .ARM.Collect$$$$0000000A                 0x080000f4   Section        0  entry8b.o(.ARM.Collect$$$$0000000A)
    .ARM.Collect$$$$0000000B                 0x080000f4   Section        8  entry9a.o(.ARM.Collect$$$$0000000B)
    .ARM.Collect$$$$0000000D                 0x080000fc   Section        0  entry10a.o(.ARM.Collect$$$$0000000D)
    .ARM.Collect$$$$0000000F                 0x080000fc   Section        0  entry11a.o(.ARM.Collect$$$$0000000F)
    .ARM.Collect$$$$00002712                 0x080000fc   Section        4  entry2.o(.ARM.Collect$$$$00002712)
    __lit__00000000                          0x080000fc   Data           4  entry2.o(.ARM.Collect$$$$00002712)
    .text                                    0x08000100   Section        0  main.o(.text)
    .text                                    0x080001b0   Section        0  stm32f10x_it.o(.text)
    .text                                    0x080001e8   Section        0  iic.o(.text)
    IIC_Delay                                0x080001e9   Thumb Code    16  iic.o(.text)
    IIC_Start                                0x080001f9   Thumb Code    52  iic.o(.text)
    IIC_Stop                                 0x0800022d   Thumb Code    52  iic.o(.text)
    IIC_WriteByte                            0x08000261   Thumb Code    82  iic.o(.text)
    IIC_ReadByte                             0x080002b3   Thumb Code    80  iic.o(.text)
    IIC_GetACK                               0x08000303   Thumb Code    72  iic.o(.text)
    .text                                    0x080003e0   Section        0  ir.o(.text)
    .text                                    0x08000660   Section        0  reg2.o(.text)
    .text                                    0x08000880   Section        0  tim.o(.text)
    .text                                    0x080009d4   Section        0  task.o(.text)
    .text                                    0x08000be0   Section        0  misc.o(.text)
    .text                                    0x08000cbc   Section        0  stm32f10x_exti.o(.text)
    .text                                    0x08000dd8   Section        0  stm32f10x_gpio.o(.text)
    .text                                    0x08001134   Section        0  stm32f10x_rcc.o(.text)
    .text                                    0x080014d8   Section        0  stm32f10x_tim.o(.text)
    TI4_Config                               0x0800197f   Thumb Code   130  stm32f10x_tim.o(.text)
    TI3_Config                               0x08001a13   Thumb Code   122  stm32f10x_tim.o(.text)
    TI2_Config                               0x08001aa7   Thumb Code   130  stm32f10x_tim.o(.text)
    TI1_Config                               0x08001b3b   Thumb Code   108  stm32f10x_tim.o(.text)
    .text                                    0x080022f4   Section        0  system_stm32f10x.o(.text)
    SetSysClockToHSE                         0x080022f5   Thumb Code   160  system_stm32f10x.o(.text)
    SetSysClock                              0x08002395   Thumb Code     8  system_stm32f10x.o(.text)
    .text                                    0x0800249c   Section       36  startup_stm32f10x_md.o(.text)
    .text                                    0x080024c0   Section       36  init.o(.text)
    i.__scatterload_copy                     0x080024e4   Section       14  handlers.o(i.__scatterload_copy)
    i.__scatterload_null                     0x080024f2   Section        2  handlers.o(i.__scatterload_null)
    i.__scatterload_zeroinit                 0x080024f4   Section       14  handlers.o(i.__scatterload_zeroinit)
    .data                                    0x20000000   Section       16  main.o(.data)
    pt_clock                                 0x20000008   Data           8  main.o(.data)
    .data                                    0x20000010   Section       10  ir.o(.data)
    LastTS                                   0x20000010   Data           2  ir.o(.data)
    IRInt                                    0x20000012   Data           2  ir.o(.data)
    flag                                     0x20000018   Data           1  ir.o(.data)
    state                                    0x20000019   Data           1  ir.o(.data)
    .data                                    0x2000001a   Section        1  reg2.o(.data)
    REG_NUM                                  0x2000001a   Data           1  reg2.o(.data)
    .data                                    0x2000001b   Section        6  task.o(.data)
    .data                                    0x20000021   Section       20  stm32f10x_rcc.o(.data)
    APBAHBPrescTable                         0x20000021   Data          16  stm32f10x_rcc.o(.data)
    ADCPrescTable                            0x20000031   Data           4  stm32f10x_rcc.o(.data)
    .data                                    0x20000038   Section       20  system_stm32f10x.o(.data)
    STACK                                    0x20000050   Section     1024  startup_stm32f10x_md.o(STACK)

    Global Symbols

    Symbol Name                              Value     Ov Type        Size  Object(Section)

    BuildAttributes$$THM_ISAv4$P$D$K$B$S$PE$A:L22UL41UL21$X:L11$S22US41US21$IEEE1$IW$USESV6$~STKCKD$USESV7$~SHL$OSPACE$EBA8$MICROLIB$REQ8$PRES8$EABIv2 0x00000000   Number         0  anon$$obj.o ABSOLUTE
    __ARM_use_no_argv                        0x00000000   Number         0  main.o ABSOLUTE
    __cpp_initialize__aeabi_                  - Undefined Weak Reference
    __cxa_finalize                            - Undefined Weak Reference
    __decompress                              - Undefined Weak Reference
    _clock_init                               - Undefined Weak Reference
    _microlib_exit                            - Undefined Weak Reference
    __Vectors_Size                           0x000000ec   Number         0  startup_stm32f10x_md.o ABSOLUTE
    __Vectors                                0x08000000   Data           4  startup_stm32f10x_md.o(RESET)
    __Vectors_End                            0x080000ec   Data           0  startup_stm32f10x_md.o(RESET)
    __main                                   0x080000ed   Thumb Code     0  entry.o(.ARM.Collect$$$$00000000)
    _main_stk                                0x080000ed   Thumb Code     0  entry2.o(.ARM.Collect$$$$00000001)
    _main_scatterload                        0x080000f1   Thumb Code     0  entry5.o(.ARM.Collect$$$$00000004)
    __main_after_scatterload                 0x080000f5   Thumb Code     0  entry5.o(.ARM.Collect$$$$00000004)
    _main_clock                              0x080000f5   Thumb Code     0  entry7b.o(.ARM.Collect$$$$00000008)
    _main_cpp_init                           0x080000f5   Thumb Code     0  entry8b.o(.ARM.Collect$$$$0000000A)
    _main_init                               0x080000f5   Thumb Code     0  entry9a.o(.ARM.Collect$$$$0000000B)
    __rt_final_cpp                           0x080000fd   Thumb Code     0  entry10a.o(.ARM.Collect$$$$0000000D)
    __rt_final_exit                          0x080000fd   Thumb Code     0  entry11a.o(.ARM.Collect$$$$0000000F)
    fnInitializeBoard                        0x08000101   Thumb Code    34  main.o(.text)
    fnInitializeTasks                        0x08000123   Thumb Code     8  main.o(.text)
    fnScheduler                              0x0800012b   Thumb Code    22  main.o(.text)
    main                                     0x08000141   Thumb Code    90  main.o(.text)
    NMI_Handler                              0x080001b1   Thumb Code     2  stm32f10x_it.o(.text)
    HardFault_Handler                        0x080001b3   Thumb Code     4  stm32f10x_it.o(.text)
    MemManage_Handler                        0x080001b7   Thumb Code     4  stm32f10x_it.o(.text)
    BusFault_Handler                         0x080001bb   Thumb Code     4  stm32f10x_it.o(.text)
    UsageFault_Handler                       0x080001bf   Thumb Code     4  stm32f10x_it.o(.text)
    SVC_Handler                              0x080001c3   Thumb Code     2  stm32f10x_it.o(.text)
    DebugMon_Handler                         0x080001c5   Thumb Code     2  stm32f10x_it.o(.text)
    PendSV_Handler                           0x080001c7   Thumb Code     2  stm32f10x_it.o(.text)
    SysTick_Handler                          0x080001c9   Thumb Code    24  stm32f10x_it.o(.text)
    IIC_Init                                 0x0800034b   Thumb Code    38  iic.o(.text)
    IIC_Read                                 0x08000371   Thumb Code    60  iic.o(.text)
    IIC_Write                                0x080003ad   Thumb Code    48  iic.o(.text)
    IR_Init                                  0x080003e1   Thumb Code   104  ir.o(.text)
    IR_CodeRepeated                          0x08000449   Thumb Code     2  ir.o(.text)
    IR_CodeReceivedFail                      0x0800044b   Thumb Code     2  ir.o(.text)
    IR_CodeReceived                          0x0800044d   Thumb Code     2  ir.o(.text)
    IR_Hook                                  0x0800044f   Thumb Code   452  ir.o(.text)
    EXTI15_10_IRQHandler                     0x08000613   Thumb Code    48  ir.o(.text)
    ShiftOut                                 0x08000661   Thumb Code   146  reg2.o(.text)
    PushREG                                  0x080006f3   Thumb Code   140  reg2.o(.text)
    REG2_Init                                0x0800077f   Thumb Code   216  reg2.o(.text)
    PushBitMap                               0x08000857   Thumb Code    32  reg2.o(.text)
    Delay_us                                 0x08000881   Thumb Code    30  tim.o(.text)
    cfgTIM4                                  0x0800089f   Thumb Code    64  tim.o(.text)
    cfgTIM2                                  0x080008df   Thumb Code   210  tim.o(.text)
    millis                                   0x080009b1   Thumb Code    12  tim.o(.text)
    task_clock                               0x080009d5   Thumb Code   500  task.o(.text)
    NVIC_PriorityGroupConfig                 0x08000be1   Thumb Code    10  misc.o(.text)
    NVIC_Init                                0x08000beb   Thumb Code   100  misc.o(.text)
    NVIC_SetVectorTable                      0x08000c4f   Thumb Code    14  misc.o(.text)
    NVIC_SystemLPConfig                      0x08000c5d   Thumb Code    34  misc.o(.text)
    SysTick_CLKSourceConfig                  0x08000c7f   Thumb Code    40  misc.o(.text)
    EXTI_DeInit                              0x08000cbd   Thumb Code    28  stm32f10x_exti.o(.text)
    EXTI_Init                                0x08000cd9   Thumb Code   142  stm32f10x_exti.o(.text)
    EXTI_StructInit                          0x08000d67   Thumb Code    16  stm32f10x_exti.o(.text)
    EXTI_GenerateSWInterrupt                 0x08000d77   Thumb Code    16  stm32f10x_exti.o(.text)
    EXTI_GetFlagStatus                       0x08000d87   Thumb Code    22  stm32f10x_exti.o(.text)
    EXTI_ClearFlag                           0x08000d9d   Thumb Code     8  stm32f10x_exti.o(.text)
    EXTI_GetITStatus                         0x08000da5   Thumb Code    34  stm32f10x_exti.o(.text)
    EXTI_ClearITPendingBit                   0x08000dc7   Thumb Code     8  stm32f10x_exti.o(.text)
    GPIO_DeInit                              0x08000dd9   Thumb Code   172  stm32f10x_gpio.o(.text)
    GPIO_AFIODeInit                          0x08000e85   Thumb Code    20  stm32f10x_gpio.o(.text)
    GPIO_Init                                0x08000e99   Thumb Code   278  stm32f10x_gpio.o(.text)
    GPIO_StructInit                          0x08000faf   Thumb Code    16  stm32f10x_gpio.o(.text)
    GPIO_ReadInputDataBit                    0x08000fbf   Thumb Code    18  stm32f10x_gpio.o(.text)
    GPIO_ReadInputData                       0x08000fd1   Thumb Code     8  stm32f10x_gpio.o(.text)
    GPIO_ReadOutputDataBit                   0x08000fd9   Thumb Code    18  stm32f10x_gpio.o(.text)
    GPIO_ReadOutputData                      0x08000feb   Thumb Code     8  stm32f10x_gpio.o(.text)
    GPIO_SetBits                             0x08000ff3   Thumb Code     4  stm32f10x_gpio.o(.text)
    GPIO_ResetBits                           0x08000ff7   Thumb Code     4  stm32f10x_gpio.o(.text)
    GPIO_WriteBit                            0x08000ffb   Thumb Code    10  stm32f10x_gpio.o(.text)
    GPIO_Write                               0x08001005   Thumb Code     4  stm32f10x_gpio.o(.text)
    GPIO_PinLockConfig                       0x08001009   Thumb Code    18  stm32f10x_gpio.o(.text)
    GPIO_EventOutputConfig                   0x0800101b   Thumb Code    26  stm32f10x_gpio.o(.text)
    GPIO_EventOutputCmd                      0x08001035   Thumb Code     6  stm32f10x_gpio.o(.text)
    GPIO_PinRemapConfig                      0x0800103b   Thumb Code   138  stm32f10x_gpio.o(.text)
    GPIO_EXTILineConfig                      0x080010c5   Thumb Code    66  stm32f10x_gpio.o(.text)
    GPIO_ETH_MediaInterfaceConfig            0x08001107   Thumb Code     8  stm32f10x_gpio.o(.text)
    RCC_DeInit                               0x08001135   Thumb Code    64  stm32f10x_rcc.o(.text)
    RCC_HSEConfig                            0x08001175   Thumb Code    70  stm32f10x_rcc.o(.text)
    RCC_GetFlagStatus                        0x080011bb   Thumb Code    56  stm32f10x_rcc.o(.text)
    RCC_WaitForHSEStartUp                    0x080011f3   Thumb Code    56  stm32f10x_rcc.o(.text)
    RCC_AdjustHSICalibrationValue            0x0800122b   Thumb Code    20  stm32f10x_rcc.o(.text)
    RCC_HSICmd                               0x0800123f   Thumb Code     6  stm32f10x_rcc.o(.text)
    RCC_PLLConfig                            0x08001245   Thumb Code    24  stm32f10x_rcc.o(.text)
    RCC_PLLCmd                               0x0800125d   Thumb Code     6  stm32f10x_rcc.o(.text)
    RCC_SYSCLKConfig                         0x08001263   Thumb Code    18  stm32f10x_rcc.o(.text)
    RCC_GetSYSCLKSource                      0x08001275   Thumb Code    10  stm32f10x_rcc.o(.text)
    RCC_HCLKConfig                           0x0800127f   Thumb Code    18  stm32f10x_rcc.o(.text)
    RCC_PCLK1Config                          0x08001291   Thumb Code    18  stm32f10x_rcc.o(.text)
    RCC_PCLK2Config                          0x080012a3   Thumb Code    20  stm32f10x_rcc.o(.text)
    RCC_ITConfig                             0x080012b7   Thumb Code    26  stm32f10x_rcc.o(.text)
    RCC_USBCLKConfig                         0x080012d1   Thumb Code     8  stm32f10x_rcc.o(.text)
    RCC_ADCCLKConfig                         0x080012d9   Thumb Code    18  stm32f10x_rcc.o(.text)
    RCC_LSEConfig                            0x080012eb   Thumb Code    50  stm32f10x_rcc.o(.text)
    RCC_LSICmd                               0x0800131d   Thumb Code     6  stm32f10x_rcc.o(.text)
    RCC_RTCCLKConfig                         0x08001323   Thumb Code    12  stm32f10x_rcc.o(.text)
    RCC_RTCCLKCmd                            0x0800132f   Thumb Code     8  stm32f10x_rcc.o(.text)
    RCC_GetClocksFreq                        0x08001337   Thumb Code   192  stm32f10x_rcc.o(.text)
    RCC_AHBPeriphClockCmd                    0x080013f7   Thumb Code    26  stm32f10x_rcc.o(.text)
    RCC_APB2PeriphClockCmd                   0x08001411   Thumb Code    26  stm32f10x_rcc.o(.text)
    RCC_APB1PeriphClockCmd                   0x0800142b   Thumb Code    26  stm32f10x_rcc.o(.text)
    RCC_APB2PeriphResetCmd                   0x08001445   Thumb Code    26  stm32f10x_rcc.o(.text)
    RCC_APB1PeriphResetCmd                   0x0800145f   Thumb Code    26  stm32f10x_rcc.o(.text)
    RCC_BackupResetCmd                       0x08001479   Thumb Code     8  stm32f10x_rcc.o(.text)
    RCC_ClockSecuritySystemCmd               0x08001481   Thumb Code     6  stm32f10x_rcc.o(.text)
    RCC_MCOConfig                            0x08001487   Thumb Code     6  stm32f10x_rcc.o(.text)
    RCC_ClearFlag                            0x0800148d   Thumb Code    14  stm32f10x_rcc.o(.text)
    RCC_GetITStatus                          0x0800149b   Thumb Code    20  stm32f10x_rcc.o(.text)
    RCC_ClearITPendingBit                    0x080014af   Thumb Code     6  stm32f10x_rcc.o(.text)
    TIM_DeInit                               0x080014d9   Thumb Code   424  stm32f10x_tim.o(.text)
    TIM_TimeBaseInit                         0x08001681   Thumb Code   122  stm32f10x_tim.o(.text)
    TIM_OC1Init                              0x080016fb   Thumb Code   132  stm32f10x_tim.o(.text)
    TIM_OC2Init                              0x0800177f   Thumb Code   154  stm32f10x_tim.o(.text)
    TIM_OC3Init                              0x08001819   Thumb Code   150  stm32f10x_tim.o(.text)
    TIM_OC4Init                              0x080018af   Thumb Code   182  stm32f10x_tim.o(.text)
    TIM_SetIC4Prescaler                      0x08001965   Thumb Code    26  stm32f10x_tim.o(.text)
    TIM_SetIC3Prescaler                      0x08001a01   Thumb Code    18  stm32f10x_tim.o(.text)
    TIM_SetIC2Prescaler                      0x08001a8d   Thumb Code    26  stm32f10x_tim.o(.text)
    TIM_SetIC1Prescaler                      0x08001b29   Thumb Code    18  stm32f10x_tim.o(.text)
    TIM_ICInit                               0x08001ba7   Thumb Code   150  stm32f10x_tim.o(.text)
    TIM_PWMIConfig                           0x08001c3d   Thumb Code   124  stm32f10x_tim.o(.text)
    TIM_BDTRConfig                           0x08001cb9   Thumb Code    32  stm32f10x_tim.o(.text)
    TIM_TimeBaseStructInit                   0x08001cd9   Thumb Code    18  stm32f10x_tim.o(.text)
    TIM_OCStructInit                         0x08001ceb   Thumb Code    20  stm32f10x_tim.o(.text)
    TIM_ICStructInit                         0x08001cff   Thumb Code    18  stm32f10x_tim.o(.text)
    TIM_BDTRStructInit                       0x08001d11   Thumb Code    40  stm32f10x_tim.o(.text)
    TIM_Cmd                                  0x08001d39   Thumb Code    24  stm32f10x_tim.o(.text)
    TIM_CtrlPWMOutputs                       0x08001d51   Thumb Code    30  stm32f10x_tim.o(.text)
    TIM_ITConfig                             0x08001d6f   Thumb Code    18  stm32f10x_tim.o(.text)
    TIM_GenerateEvent                        0x08001d81   Thumb Code     4  stm32f10x_tim.o(.text)
    TIM_DMAConfig                            0x08001d85   Thumb Code    10  stm32f10x_tim.o(.text)
    TIM_DMACmd                               0x08001d8f   Thumb Code    18  stm32f10x_tim.o(.text)
    TIM_InternalClockConfig                  0x08001da1   Thumb Code    12  stm32f10x_tim.o(.text)
    TIM_SelectInputTrigger                   0x08001dad   Thumb Code    18  stm32f10x_tim.o(.text)
    TIM_ITRxExternalClockConfig              0x08001dbf   Thumb Code    24  stm32f10x_tim.o(.text)
    TIM_TIxExternalClockConfig               0x08001dd7   Thumb Code    62  stm32f10x_tim.o(.text)
    TIM_ETRConfig                            0x08001e15   Thumb Code    28  stm32f10x_tim.o(.text)
    TIM_ETRClockMode1Config                  0x08001e31   Thumb Code    54  stm32f10x_tim.o(.text)
    TIM_ETRClockMode2Config                  0x08001e67   Thumb Code    32  stm32f10x_tim.o(.text)
    TIM_PrescalerConfig                      0x08001e87   Thumb Code     6  stm32f10x_tim.o(.text)
    TIM_CounterModeConfig                    0x08001e8d   Thumb Code    18  stm32f10x_tim.o(.text)
    TIM_EncoderInterfaceConfig               0x08001e9f   Thumb Code    66  stm32f10x_tim.o(.text)
    TIM_ForcedOC1Config                      0x08001ee1   Thumb Code    18  stm32f10x_tim.o(.text)
    TIM_ForcedOC2Config                      0x08001ef3   Thumb Code    26  stm32f10x_tim.o(.text)
    TIM_ForcedOC3Config                      0x08001f0d   Thumb Code    18  stm32f10x_tim.o(.text)
    TIM_ForcedOC4Config                      0x08001f1f   Thumb Code    26  stm32f10x_tim.o(.text)
    TIM_ARRPreloadConfig                     0x08001f39   Thumb Code    24  stm32f10x_tim.o(.text)
    TIM_SelectCOM                            0x08001f51   Thumb Code    24  stm32f10x_tim.o(.text)
    TIM_SelectCCDMA                          0x08001f69   Thumb Code    24  stm32f10x_tim.o(.text)
    TIM_CCPreloadControl                     0x08001f81   Thumb Code    24  stm32f10x_tim.o(.text)
    TIM_OC1PreloadConfig                     0x08001f99   Thumb Code    18  stm32f10x_tim.o(.text)
    TIM_OC2PreloadConfig                     0x08001fab   Thumb Code    26  stm32f10x_tim.o(.text)
    TIM_OC3PreloadConfig                     0x08001fc5   Thumb Code    18  stm32f10x_tim.o(.text)
    TIM_OC4PreloadConfig                     0x08001fd7   Thumb Code    26  stm32f10x_tim.o(.text)
    TIM_OC1FastConfig                        0x08001ff1   Thumb Code    18  stm32f10x_tim.o(.text)
    TIM_OC2FastConfig                        0x08002003   Thumb Code    26  stm32f10x_tim.o(.text)
    TIM_OC3FastConfig                        0x0800201d   Thumb Code    18  stm32f10x_tim.o(.text)
    TIM_OC4FastConfig                        0x0800202f   Thumb Code    26  stm32f10x_tim.o(.text)
    TIM_ClearOC1Ref                          0x08002049   Thumb Code    18  stm32f10x_tim.o(.text)
    TIM_ClearOC2Ref                          0x0800205b   Thumb Code    24  stm32f10x_tim.o(.text)
    TIM_ClearOC3Ref                          0x08002073   Thumb Code    18  stm32f10x_tim.o(.text)
    TIM_ClearOC4Ref                          0x08002085   Thumb Code    24  stm32f10x_tim.o(.text)
    TIM_OC1PolarityConfig                    0x0800209d   Thumb Code    18  stm32f10x_tim.o(.text)
    TIM_OC1NPolarityConfig                   0x080020af   Thumb Code    18  stm32f10x_tim.o(.text)
    TIM_OC2PolarityConfig                    0x080020c1   Thumb Code    26  stm32f10x_tim.o(.text)
    TIM_OC2NPolarityConfig                   0x080020db   Thumb Code    26  stm32f10x_tim.o(.text)
    TIM_OC3PolarityConfig                    0x080020f5   Thumb Code    26  stm32f10x_tim.o(.text)
    TIM_OC3NPolarityConfig                   0x0800210f   Thumb Code    26  stm32f10x_tim.o(.text)
    TIM_OC4PolarityConfig                    0x08002129   Thumb Code    26  stm32f10x_tim.o(.text)
    TIM_CCxCmd                               0x08002143   Thumb Code    30  stm32f10x_tim.o(.text)
    TIM_CCxNCmd                              0x08002161   Thumb Code    30  stm32f10x_tim.o(.text)
    TIM_SelectOCxM                           0x0800217f   Thumb Code    82  stm32f10x_tim.o(.text)
    TIM_UpdateDisableConfig                  0x080021d1   Thumb Code    24  stm32f10x_tim.o(.text)
    TIM_UpdateRequestConfig                  0x080021e9   Thumb Code    24  stm32f10x_tim.o(.text)
    TIM_SelectHallSensor                     0x08002201   Thumb Code    24  stm32f10x_tim.o(.text)
    TIM_SelectOnePulseMode                   0x08002219   Thumb Code    18  stm32f10x_tim.o(.text)
    TIM_SelectOutputTrigger                  0x0800222b   Thumb Code    18  stm32f10x_tim.o(.text)
    TIM_SelectSlaveMode                      0x0800223d   Thumb Code    18  stm32f10x_tim.o(.text)
    TIM_SelectMasterSlaveMode                0x0800224f   Thumb Code    18  stm32f10x_tim.o(.text)
    TIM_SetCounter                           0x08002261   Thumb Code     4  stm32f10x_tim.o(.text)
    TIM_SetAutoreload                        0x08002265   Thumb Code     4  stm32f10x_tim.o(.text)
    TIM_SetCompare1                          0x08002269   Thumb Code     4  stm32f10x_tim.o(.text)
    TIM_SetCompare2                          0x0800226d   Thumb Code     4  stm32f10x_tim.o(.text)
    TIM_SetCompare3                          0x08002271   Thumb Code     4  stm32f10x_tim.o(.text)
    TIM_SetCompare4                          0x08002275   Thumb Code     6  stm32f10x_tim.o(.text)
    TIM_SetClockDivision                     0x0800227b   Thumb Code    18  stm32f10x_tim.o(.text)
    TIM_GetCapture1                          0x0800228d   Thumb Code     6  stm32f10x_tim.o(.text)
    TIM_GetCapture2                          0x08002293   Thumb Code     6  stm32f10x_tim.o(.text)
    TIM_GetCapture3                          0x08002299   Thumb Code     6  stm32f10x_tim.o(.text)
    TIM_GetCapture4                          0x0800229f   Thumb Code     8  stm32f10x_tim.o(.text)
    TIM_GetCounter                           0x080022a7   Thumb Code     6  stm32f10x_tim.o(.text)
    TIM_GetPrescaler                         0x080022ad   Thumb Code     6  stm32f10x_tim.o(.text)
    TIM_GetFlagStatus                        0x080022b3   Thumb Code    18  stm32f10x_tim.o(.text)
    TIM_ClearFlag                            0x080022c5   Thumb Code     6  stm32f10x_tim.o(.text)
    TIM_GetITStatus                          0x080022cb   Thumb Code    34  stm32f10x_tim.o(.text)
    TIM_ClearITPendingBit                    0x080022ed   Thumb Code     6  stm32f10x_tim.o(.text)
    SystemInit                               0x0800239d   Thumb Code    78  system_stm32f10x.o(.text)
    SystemCoreClockUpdate                    0x080023eb   Thumb Code   142  system_stm32f10x.o(.text)
    Reset_Handler                            0x0800249d   Thumb Code     8  startup_stm32f10x_md.o(.text)
    ADC1_2_IRQHandler                        0x080024b7   Thumb Code     0  startup_stm32f10x_md.o(.text)
    CAN1_RX1_IRQHandler                      0x080024b7   Thumb Code     0  startup_stm32f10x_md.o(.text)
    CAN1_SCE_IRQHandler                      0x080024b7   Thumb Code     0  startup_stm32f10x_md.o(.text)
    DMA1_Channel1_IRQHandler                 0x080024b7   Thumb Code     0  startup_stm32f10x_md.o(.text)
    DMA1_Channel2_IRQHandler                 0x080024b7   Thumb Code     0  startup_stm32f10x_md.o(.text)
    DMA1_Channel3_IRQHandler                 0x080024b7   Thumb Code     0  startup_stm32f10x_md.o(.text)
    DMA1_Channel4_IRQHandler                 0x080024b7   Thumb Code     0  startup_stm32f10x_md.o(.text)
    DMA1_Channel5_IRQHandler                 0x080024b7   Thumb Code     0  startup_stm32f10x_md.o(.text)
    DMA1_Channel6_IRQHandler                 0x080024b7   Thumb Code     0  startup_stm32f10x_md.o(.text)
    DMA1_Channel7_IRQHandler                 0x080024b7   Thumb Code     0  startup_stm32f10x_md.o(.text)
    EXTI0_IRQHandler                         0x080024b7   Thumb Code     0  startup_stm32f10x_md.o(.text)
    EXTI1_IRQHandler                         0x080024b7   Thumb Code     0  startup_stm32f10x_md.o(.text)
    EXTI2_IRQHandler                         0x080024b7   Thumb Code     0  startup_stm32f10x_md.o(.text)
    EXTI3_IRQHandler                         0x080024b7   Thumb Code     0  startup_stm32f10x_md.o(.text)
    EXTI4_IRQHandler                         0x080024b7   Thumb Code     0  startup_stm32f10x_md.o(.text)
    EXTI9_5_IRQHandler                       0x080024b7   Thumb Code     0  startup_stm32f10x_md.o(.text)
    FLASH_IRQHandler                         0x080024b7   Thumb Code     0  startup_stm32f10x_md.o(.text)
    I2C1_ER_IRQHandler                       0x080024b7   Thumb Code     0  startup_stm32f10x_md.o(.text)
    I2C1_EV_IRQHandler                       0x080024b7   Thumb Code     0  startup_stm32f10x_md.o(.text)
    I2C2_ER_IRQHandler                       0x080024b7   Thumb Code     0  startup_stm32f10x_md.o(.text)
    I2C2_EV_IRQHandler                       0x080024b7   Thumb Code     0  startup_stm32f10x_md.o(.text)
    PVD_IRQHandler                           0x080024b7   Thumb Code     0  startup_stm32f10x_md.o(.text)
    RCC_IRQHandler                           0x080024b7   Thumb Code     0  startup_stm32f10x_md.o(.text)
    RTCAlarm_IRQHandler                      0x080024b7   Thumb Code     0  startup_stm32f10x_md.o(.text)
    RTC_IRQHandler                           0x080024b7   Thumb Code     0  startup_stm32f10x_md.o(.text)
    SPI1_IRQHandler                          0x080024b7   Thumb Code     0  startup_stm32f10x_md.o(.text)
    SPI2_IRQHandler                          0x080024b7   Thumb Code     0  startup_stm32f10x_md.o(.text)
    TAMPER_IRQHandler                        0x080024b7   Thumb Code     0  startup_stm32f10x_md.o(.text)
    TIM1_BRK_IRQHandler                      0x080024b7   Thumb Code     0  startup_stm32f10x_md.o(.text)
    TIM1_CC_IRQHandler                       0x080024b7   Thumb Code     0  startup_stm32f10x_md.o(.text)
    TIM1_TRG_COM_IRQHandler                  0x080024b7   Thumb Code     0  startup_stm32f10x_md.o(.text)
    TIM1_UP_IRQHandler                       0x080024b7   Thumb Code     0  startup_stm32f10x_md.o(.text)
    TIM2_IRQHandler                          0x080024b7   Thumb Code     0  startup_stm32f10x_md.o(.text)
    TIM3_IRQHandler                          0x080024b7   Thumb Code     0  startup_stm32f10x_md.o(.text)
    TIM4_IRQHandler                          0x080024b7   Thumb Code     0  startup_stm32f10x_md.o(.text)
    USART1_IRQHandler                        0x080024b7   Thumb Code     0  startup_stm32f10x_md.o(.text)
    USART2_IRQHandler                        0x080024b7   Thumb Code     0  startup_stm32f10x_md.o(.text)
    USART3_IRQHandler                        0x080024b7   Thumb Code     0  startup_stm32f10x_md.o(.text)
    USBWakeUp_IRQHandler                     0x080024b7   Thumb Code     0  startup_stm32f10x_md.o(.text)
    USB_HP_CAN1_TX_IRQHandler                0x080024b7   Thumb Code     0  startup_stm32f10x_md.o(.text)
    USB_LP_CAN1_RX0_IRQHandler               0x080024b7   Thumb Code     0  startup_stm32f10x_md.o(.text)
    WWDG_IRQHandler                          0x080024b7   Thumb Code     0  startup_stm32f10x_md.o(.text)
    __scatterload                            0x080024c1   Thumb Code    28  init.o(.text)
    __scatterload_rt2                        0x080024c1   Thumb Code     0  init.o(.text)
    __scatterload_copy                       0x080024e5   Thumb Code    14  handlers.o(i.__scatterload_copy)
    __scatterload_null                       0x080024f3   Thumb Code     2  handlers.o(i.__scatterload_null)
    __scatterload_zeroinit                   0x080024f5   Thumb Code    14  handlers.o(i.__scatterload_zeroinit)
    Region$$Table$$Base                      0x08002504   Number         0  anon$$obj.o(Region$$Table)
    Region$$Table$$Limit                     0x08002524   Number         0  anon$$obj.o(Region$$Table)
    SYS_BUSY                                 0x20000000   Data           1  main.o(.data)
    SYS_TICK                                 0x20000004   Data           4  main.o(.data)
    IRCode                                   0x20000014   Data           4  ir.o(.data)
    Y                                        0x2000001b   Data           1  task.o(.data)
    M                                        0x2000001c   Data           1  task.o(.data)
    D                                        0x2000001d   Data           1  task.o(.data)
    h                                        0x2000001e   Data           1  task.o(.data)
    m                                        0x2000001f   Data           1  task.o(.data)
    s                                        0x20000020   Data           1  task.o(.data)
    SystemCoreClock                          0x20000038   Data           4  system_stm32f10x.o(.data)
    AHBPrescTable                            0x2000003c   Data          16  system_stm32f10x.o(.data)
    __initial_sp                             0x20000450   Data           0  startup_stm32f10x_md.o(STACK)



==============================================================================

Memory Map of the image

  Image Entry point : 0x080000ed

  Load Region LR_IROM1 (Base: 0x08000000, Size: 0x00002570, Max: 0x00010000, ABSOLUTE)

    Execution Region ER_IROM1 (Base: 0x08000000, Size: 0x00002524, Max: 0x00010000, ABSOLUTE)

    Base Addr    Size         Type   Attr      Idx    E Section Name        Object

    0x08000000   0x000000ec   Data   RO          597    RESET               startup_stm32f10x_md.o
    0x080000ec   0x00000000   Code   RO          602  * .ARM.Collect$$$$00000000  mc_w.l(entry.o)
    0x080000ec   0x00000004   Code   RO          605    .ARM.Collect$$$$00000001  mc_w.l(entry2.o)
    0x080000f0   0x00000004   Code   RO          608    .ARM.Collect$$$$00000004  mc_w.l(entry5.o)
    0x080000f4   0x00000000   Code   RO          610    .ARM.Collect$$$$00000008  mc_w.l(entry7b.o)
    0x080000f4   0x00000000   Code   RO          612    .ARM.Collect$$$$0000000A  mc_w.l(entry8b.o)
    0x080000f4   0x00000008   Code   RO          613    .ARM.Collect$$$$0000000B  mc_w.l(entry9a.o)
    0x080000fc   0x00000000   Code   RO          615    .ARM.Collect$$$$0000000D  mc_w.l(entry10a.o)
    0x080000fc   0x00000000   Code   RO          617    .ARM.Collect$$$$0000000F  mc_w.l(entry11a.o)
    0x080000fc   0x00000004   Code   RO          606    .ARM.Collect$$$$00002712  mc_w.l(entry2.o)
    0x08000100   0x000000b0   Code   RO            1    .text               main.o
    0x080001b0   0x00000038   Code   RO          116    .text               stm32f10x_it.o
    0x080001e8   0x000001f8   Code   RO          148    .text               iic.o
    0x080003e0   0x00000280   Code   RO          163    .text               ir.o
    0x08000660   0x00000220   Code   RO          178    .text               reg2.o
    0x08000880   0x00000154   Code   RO          208    .text               tim.o
    0x080009d4   0x0000020c   Code   RO          221    .text               task.o
    0x08000be0   0x000000dc   Code   RO          236    .text               misc.o
    0x08000cbc   0x0000011c   Code   RO          362    .text               stm32f10x_exti.o
    0x08000dd8   0x0000035c   Code   RO          404    .text               stm32f10x_gpio.o
    0x08001134   0x000003a4   Code   RO          455    .text               stm32f10x_rcc.o
    0x080014d8   0x00000e1a   Code   RO          511    .text               stm32f10x_tim.o
    0x080022f2   0x00000002   PAD
    0x080022f4   0x000001a8   Code   RO          547    .text               system_stm32f10x.o
    0x0800249c   0x00000024   Code   RO          598    .text               startup_stm32f10x_md.o
    0x080024c0   0x00000024   Code   RO          619    .text               mc_w.l(init.o)
    0x080024e4   0x0000000e   Code   RO          623    i.__scatterload_copy  mc_w.l(handlers.o)
    0x080024f2   0x00000002   Code   RO          624    i.__scatterload_null  mc_w.l(handlers.o)
    0x080024f4   0x0000000e   Code   RO          625    i.__scatterload_zeroinit  mc_w.l(handlers.o)
    0x08002502   0x00000002   PAD
    0x08002504   0x00000020   Data   RO          621    Region$$Table       anon$$obj.o


    Execution Region RW_IRAM1 (Base: 0x20000000, Size: 0x00000450, Max: 0x00005000, ABSOLUTE)

    Base Addr    Size         Type   Attr      Idx    E Section Name        Object

    0x20000000   0x00000010   Data   RW            2    .data               main.o
    0x20000010   0x0000000a   Data   RW          164    .data               ir.o
    0x2000001a   0x00000001   Data   RW          179    .data               reg2.o
    0x2000001b   0x00000006   Data   RW          222    .data               task.o
    0x20000021   0x00000014   Data   RW          456    .data               stm32f10x_rcc.o
    0x20000035   0x00000003   PAD
    0x20000038   0x00000014   Data   RW          548    .data               system_stm32f10x.o
    0x2000004c   0x00000004   PAD
    0x20000050   0x00000400   Zero   RW          595    STACK               startup_stm32f10x_md.o


==============================================================================

Image component sizes


      Code (inc. data)   RO Data    RW Data    ZI Data      Debug   Object Name

         0          0          0          0          0         32   core_cm3.o
       504          4          0          0          0       1894   iic.o
       640         56          0         10          0       1716   ir.o
       176         22          0         16          0     265602   main.o
       220         22          0          0          0       1661   misc.o
       544         10          0          1          0       2448   reg2.o
        36          8        236          0       1024        740   startup_stm32f10x_md.o
       284         10          0          0          0       2095   stm32f10x_exti.o
       860         38          0          0          0       5509   stm32f10x_gpio.o
        56          8          0          0          0       1258   stm32f10x_it.o
       932         36          0         20          0       8632   stm32f10x_rcc.o
      3610         88          0          0          0      21992   stm32f10x_tim.o
       424         36          0         20          0       1651   system_stm32f10x.o
       524         24          0          6          0       1151   task.o
       340         24          0          0          0       1038   tim.o

    ----------------------------------------------------------------------
      9152        386        268         76       1028     317419   Object Totals
         0          0         32          0          0          0   (incl. Generated)
         2          0          0          3          4          0   (incl. Padding)

    ----------------------------------------------------------------------

      Code (inc. data)   RO Data    RW Data    ZI Data      Debug   Library Member Name

         0          0          0          0          0          0   entry.o
         0          0          0          0          0          0   entry10a.o
         0          0          0          0          0          0   entry11a.o
         8          4          0          0          0          0   entry2.o
         4          0          0          0          0          0   entry5.o
         0          0          0          0          0          0   entry7b.o
         0          0          0          0          0          0   entry8b.o
         8          4          0          0          0          0   entry9a.o
        30          0          0          0          0          0   handlers.o
        36          8          0          0          0         68   init.o

    ----------------------------------------------------------------------
        88         16          0          0          0         68   Library Totals
         2          0          0          0          0          0   (incl. Padding)

    ----------------------------------------------------------------------

      Code (inc. data)   RO Data    RW Data    ZI Data      Debug   Library Name

        86         16          0          0          0         68   mc_w.l

    ----------------------------------------------------------------------
        88         16          0          0          0         68   Library Totals

    ----------------------------------------------------------------------

==============================================================================


      Code (inc. data)   RO Data    RW Data    ZI Data      Debug   

      9240        402        268         76       1028     316443   Grand Totals
      9240        402        268         76       1028     316443   ELF Image Totals
      9240        402        268         76          0          0   ROM Totals

==============================================================================

    Total RO  Size (Code + RO Data)                 9508 (   9.29kB)
    Total RW  Size (RW Data + ZI Data)              1104 (   1.08kB)
    Total ROM Size (Code + RO Data + RW Data)       9584 (   9.36kB)

==============================================================================

